 zlibwapi

 Timestamp is 673e0b95 (Wed Nov 20 10:17:25 2024)

 Preferred load address is 0000000180000000

 Start         Length     Name                   Class
 0001:00000000 00012550H .text$mn                CODE
 0001:00012550 00000036H .text$mn$00             CODE
 0001:00012586 00000092H .text$x                 CODE
 0002:00000000 00000250H .idata$5                DATA
 0002:00000250 00000038H .00cfg                  DATA
 0002:00000288 00000008H .CRT$XCA                DATA
 0002:00000290 00000008H .CRT$XCZ                DATA
 0002:00000298 00000008H .CRT$XIA                DATA
 0002:000002a0 00000008H .CRT$XIZ                DATA
 0002:000002a8 00000008H .CRT$XPA                DATA
 0002:000002b0 00000008H .CRT$XPZ                DATA
 0002:000002b8 00000008H .CRT$XTA                DATA
 0002:000002c0 00000010H .CRT$XTZ                DATA
 0002:000002c8 00000000H .gehcont$y              DATA
 0002:000002c8 00000000H .gfids$y                DATA
 0002:000002d0 00004d30H .rdata                  DATA
 0002:00005000 00000080H .rdata$CastGuardVftablesA DATA
 0002:00005080 00000080H .rdata$CastGuardVftablesC DATA
 0002:00005100 00000084H .rdata$voltmd           DATA
 0002:00005184 0000033cH .rdata$zzzdbg           DATA
 0002:000054c0 00000008H .rtc$IAA                DATA
 0002:000054c8 00000008H .rtc$IZZ                DATA
 0002:000054d0 00000008H .rtc$TAA                DATA
 0002:000054d8 00000008H .rtc$TZZ                DATA
 0002:000054e0 00001850H .xdata                  DATA
 0002:00006d30 00000d50H .edata                  DATA
 0002:00007a80 000000a0H .idata$2                DATA
 0002:00007b20 00000018H .idata$3                DATA
 0002:00007b38 00000250H .idata$4                DATA
 0002:00007d88 0000052cH .idata$6                DATA
 0003:00000000 000000c0H .data                   DATA
 0003:000000c0 000000b0H .bss                    DATA
 0004:00000000 000011b8H .pdata                  DATA
 0005:00000000 00000060H .rsrc$01                DATA
 0005:00000060 00000338H .rsrc$02                DATA

  Address         Publics by Value              Rva+Base               Lib:Object

 0000:00000000       __AbsoluteZero             0000000000000000     <absolute>
 0000:00000000       ___safe_se_handler_count   0000000000000000     <absolute>
 0000:00000000       ___safe_se_handler_table   0000000000000000     <absolute>
 0000:00000000       __arm64x_extra_rfe_table   0000000000000000     <absolute>
 0000:00000000       __arm64x_extra_rfe_table_size 0000000000000000     <absolute>
 0000:00000000       __arm64x_native_entrypoint 0000000000000000     <absolute>
 0000:00000000       __arm64x_redirection_metadata 0000000000000000     <absolute>
 0000:00000000       __arm64x_redirection_metadata_count 0000000000000000     <absolute>
 0000:00000000       __dynamic_value_reloc_table 0000000000000000     <absolute>
 0000:00000000       __enclave_config           0000000000000000     <absolute>
 0000:00000000       __guard_check_icall_a64n_fptr 0000000000000000     <absolute>
 0000:00000000       __guard_eh_cont_count      0000000000000000     <absolute>
 0000:00000000       __guard_eh_cont_table      0000000000000000     <absolute>
 0000:00000000       __guard_fids_count         0000000000000000     <absolute>
 0000:00000000       __guard_fids_table         0000000000000000     <absolute>
 0000:00000000       __guard_iat_count          0000000000000000     <absolute>
 0000:00000000       __guard_iat_table          0000000000000000     <absolute>
 0000:00000000       __guard_longjmp_count      0000000000000000     <absolute>
 0000:00000000       __guard_longjmp_table      0000000000000000     <absolute>
 0000:00000000       __hybrid_auxiliary_delayload_iat 0000000000000000     <absolute>
 0000:00000000       __hybrid_auxiliary_delayload_iat_copy 0000000000000000     <absolute>
 0000:00000000       __hybrid_auxiliary_iat     0000000000000000     <absolute>
 0000:00000000       __hybrid_auxiliary_iat_copy 0000000000000000     <absolute>
 0000:00000000       __hybrid_code_map          0000000000000000     <absolute>
 0000:00000000       __hybrid_code_map_count    0000000000000000     <absolute>
 0000:00000000       __hybrid_image_info_bitfield 0000000000000000     <absolute>
 0000:00000000       __x64_code_ranges_to_entry_points 0000000000000000     <absolute>
 0000:00000000       __x64_code_ranges_to_entry_points_count 0000000000000000     <absolute>
 0000:00000100       __guard_flags              0000000000000100     <absolute>
 0000:00000000       __ImageBase                0000000180000000     <linker-defined>
 0001:00000000       adler32_z                  0000000180001000 f   adler32.obj
 0001:000002e0       adler32                    00000001800012e0 f   adler32.obj
 0001:000003d0       adler32_combine            00000001800013d0 f   adler32.obj
 0001:000003e0       compress2                  00000001800013e0 f   compress.obj
 0001:000004e0       compress                   00000001800014e0 f   compress.obj
 0001:00000500       compressBound              0000000180001500 f   compress.obj
 0001:000005c0       get_crc_table              00000001800015c0 f   crc32.obj
 0001:00000650       crc32_z                    0000000180001650 f   crc32.obj
 0001:00000a10       crc32                      0000000180001a10 f   crc32.obj
 0001:00000a20       crc32_combine64            0000000180001a20 f   crc32.obj
 0001:00000a50       crc32_combine              0000000180001a50 f   crc32.obj
 0001:00000a60       crc32_combine_gen64        0000000180001a60 f   crc32.obj
 0001:00000a70       crc32_combine_gen          0000000180001a70 f   crc32.obj
 0001:00000a80       crc32_combine_op           0000000180001a80 f   crc32.obj
 0001:00000df0       deflateInit_               0000000180001df0 f   deflate.obj
 0001:00000e30       deflateInit2_              0000000180001e30 f   deflate.obj
 0001:00001130       deflateSetDictionary       0000000180002130 f   deflate.obj
 0001:00001330       deflateGetDictionary       0000000180002330 f   deflate.obj
 0001:000013b0       deflateResetKeep           00000001800023b0 f   deflate.obj
 0001:00001500       deflateReset               0000000180002500 f   deflate.obj
 0001:00001530       deflateSetHeader           0000000180002530 f   deflate.obj
 0001:00001570       deflatePending             0000000180002570 f   deflate.obj
 0001:000015c0       deflatePrime               00000001800025c0 f   deflate.obj
 0001:00001680       deflateParams              0000000180002680 f   deflate.obj
 0001:00001800       deflateTune                0000000180002800 f   deflate.obj
 0001:00001850       deflateBound               0000000180002850 f   deflate.obj
 0001:00001a50       deflate                    0000000180002a50 f   deflate.obj
 0001:000023c0       deflateEnd                 00000001800033c0 f   deflate.obj
 0001:000024a0       deflateCopy                00000001800034a0 f   deflate.obj
 0001:00003c00       gzclose                    0000000180004c00 f   gzclose.obj
 0001:00003c20       __local_stdio_printf_options 0000000180004c20 f i gzlib.obj
 0001:00003c30       vsnprintf                  0000000180004c30 f i gzlib.obj
 0001:00003ca0       snprintf                   0000000180004ca0 f i gzlib.obj
 0001:00004080       gzopen                     0000000180005080 f   gzlib.obj
 0001:00004090       gzdopen                    0000000180005090 f   gzlib.obj
 0001:00004120       gzopen_w                   0000000180005120 f   gzlib.obj
 0001:00004130       gzbuffer                   0000000180005130 f   gzlib.obj
 0001:00004170       gzrewind                   0000000180005170 f   gzlib.obj
 0001:000041d0       gzseek64                   00000001800051d0 f   gzlib.obj
 0001:00004320       gzseek                     0000000180005320 f   gzlib.obj
 0001:00004350       gztell64                   0000000180005350 f   gzlib.obj
 0001:00004390       gztell                     0000000180005390 f   gzlib.obj
 0001:000043b0       gzoffset64                 00000001800053b0 f   gzlib.obj
 0001:00004410       gzoffset                   0000000180005410 f   gzlib.obj
 0001:00004430       gzeof                      0000000180005430 f   gzlib.obj
 0001:00004450       gzerror                    0000000180005450 f   gzlib.obj
 0001:000044a0       gzclearerr                 00000001800054a0 f   gzlib.obj
 0001:000044e0       gz_error                   00000001800054e0 f   gzlib.obj
 0001:00004cc0       gzread                     0000000180005cc0 f   gzread.obj
 0001:00004d30       gzfread                    0000000180005d30 f   gzread.obj
 0001:00004db0       gzgetc                     0000000180005db0 f   gzread.obj
 0001:00004e30       gzgetc_                    0000000180005e30 f   gzread.obj
 0001:00004e40       gzungetc                   0000000180005e40 f   gzread.obj
 0001:00004f80       gzgets                     0000000180005f80 f   gzread.obj
 0001:000050b0       gzdirect                   00000001800060b0 f   gzread.obj
 0001:000050f0       gzclose_r                  00000001800060f0 f   gzread.obj
 0001:00005690       gzwrite                    0000000180006690 f   gzwrite.obj
 0001:000056e0       gzfwrite                   00000001800066e0 f   gzwrite.obj
 0001:00005760       gzputc                     0000000180006760 f   gzwrite.obj
 0001:00005830       gzputs                     0000000180006830 f   gzwrite.obj
 0001:000058c0       gzvprintf                  00000001800068c0 f   gzwrite.obj
 0001:00005a50       gzprintf                   0000000180006a50 f   gzwrite.obj
 0001:00005a80       gzflush                    0000000180006a80 f   gzwrite.obj
 0001:00005af0       gzsetparams                0000000180006af0 f   gzwrite.obj
 0001:00005c00       gzclose_w                  0000000180006c00 f   gzwrite.obj
 0001:00005cd0       inflateBackInit_           0000000180006cd0 f   infback.obj
 0001:00005e20       inflateBack                0000000180006e20 f   infback.obj
 0001:00006d70       inflateBackEnd             0000000180007d70 f   infback.obj
 0001:00006dc0       inflate_fast               0000000180007dc0 f   inffast.obj
 0001:00007300       inflateResetKeep           0000000180008300 f   inflate.obj
 0001:000073a0       inflateReset               00000001800083a0 f   inflate.obj
 0001:000073d0       inflateReset2              00000001800083d0 f   inflate.obj
 0001:00007470       inflateInit2_              0000000180008470 f   inflate.obj
 0001:00007570       inflateInit_               0000000180008570 f   inflate.obj
 0001:00007580       inflatePrime               0000000180008580 f   inflate.obj
 0001:00007730       inflate                    0000000180008730 f   inflate.obj
 0001:00008f60       inflateEnd                 0000000180009f60 f   inflate.obj
 0001:00008fc0       inflateGetDictionary       0000000180009fc0 f   inflate.obj
 0001:00009050       inflateSetDictionary       000000018000a050 f   inflate.obj
 0001:00009110       inflateGetHeader           000000018000a110 f   inflate.obj
 0001:000091c0       inflateSync                000000018000a1c0 f   inflate.obj
 0001:00009310       inflateSyncPoint           000000018000a310 f   inflate.obj
 0001:00009350       inflateCopy                000000018000a350 f   inflate.obj
 0001:00009500       inflateUndermine           000000018000a500 f   inflate.obj
 0001:00009530       inflateValidate            000000018000a530 f   inflate.obj
 0001:00009570       inflateMark                000000018000a570 f   inflate.obj
 0001:000095e0       inflateCodesUsed           000000018000a5e0 f   inflate.obj
 0001:00009620       inflate_table              000000018000a620 f   inftrees.obj
 0001:00009c00       call_zopen64               000000018000ac00 f   ioapi.obj
 0001:00009c20       call_zseek64               000000018000ac20 f   ioapi.obj
 0001:00009c50       call_ztell64               000000018000ac50 f   ioapi.obj
 0001:00009c90       fill_zlib_filefunc64_32_def_from_filefunc32 000000018000ac90 f   ioapi.obj
 0001:00009ea0       fill_fopen64_filefunc      000000018000aea0 f   ioapi.obj
 0001:00009fd0       win32_open64_file_func     000000018000afd0 f   iowin32.obj
 0001:0000a050       win32_open64_file_funcA    000000018000b050 f   iowin32.obj
 0001:0000a0d0       win32_open64_file_funcW    000000018000b0d0 f   iowin32.obj
 0001:0000a150       win32_open_file_func       000000018000b150 f   iowin32.obj
 0001:0000a1d0       win32_read_file_func       000000018000b1d0 f   iowin32.obj
 0001:0000a240       win32_write_file_func      000000018000b240 f   iowin32.obj
 0001:0000a320       win32_tell_file_func       000000018000b320 f   iowin32.obj
 0001:0000a380       win32_tell64_file_func     000000018000b380 f   iowin32.obj
 0001:0000a3e0       win32_seek_file_func       000000018000b3e0 f   iowin32.obj
 0001:0000a460       win32_seek64_file_func     000000018000b460 f   iowin32.obj
 0001:0000a4e0       win32_close_file_func      000000018000b4e0 f   iowin32.obj
 0001:0000a520       win32_error_file_func      000000018000b520 f   iowin32.obj
 0001:0000a530       fill_win32_filefunc        000000018000b530 f   iowin32.obj
 0001:0000a590       fill_win32_filefunc64      000000018000b590 f   iowin32.obj
 0001:0000a5f0       fill_win32_filefunc64A     000000018000b5f0 f   iowin32.obj
 0001:0000a650       fill_win32_filefunc64W     000000018000b650 f   iowin32.obj
 0001:0000aab0       _tr_init                   000000018000bab0 f   trees.obj
 0001:0000b9f0       _tr_stored_block           000000018000c9f0 f   trees.obj
 0001:0000bb10       _tr_flush_bits             000000018000cb10 f   trees.obj
 0001:0000bb20       _tr_align                  000000018000cb20 f   trees.obj
 0001:0000c100       _tr_flush_block            000000018000d100 f   trees.obj
 0001:0000c330       uncompress2                000000018000d330 f   uncompr.obj
 0001:0000c490       uncompress                 000000018000d490 f   uncompr.obj
 0001:0000c700       unzStringFileNameCompare   000000018000d700 f   unzip.obj
 0001:0000cf20       unzOpen2                   000000018000df20 f   unzip.obj
 0001:0000cf70       unzOpen2_64                000000018000df70 f   unzip.obj
 0001:0000cfd0       unzOpen                    000000018000dfd0 f   unzip.obj
 0001:0000cfe0       unzOpen64                  000000018000dfe0 f   unzip.obj
 0001:0000cff0       unzClose                   000000018000dff0 f   unzip.obj
 0001:0000d040       unzGetGlobalInfo64         000000018000e040 f   unzip.obj
 0001:0000d060       unzGetGlobalInfo           000000018000e060 f   unzip.obj
 0001:0000d670       unzGetCurrentFileInfo64    000000018000e670 f   unzip.obj
 0001:0000d6c0       unzGetCurrentFileInfo      000000018000e6c0 f   unzip.obj
 0001:0000d7c0       unzGoToFirstFile           000000018000e7c0 f   unzip.obj
 0001:0000d840       unzGoToNextFile            000000018000e840 f   unzip.obj
 0001:0000d900       unzLocateFile              000000018000e900 f   unzip.obj
 0001:0000daf0       unzGetFilePos64            000000018000eaf0 f   unzip.obj
 0001:0000db30       unzGetFilePos              000000018000eb30 f   unzip.obj
 0001:0000db60       unzGoToFilePos64           000000018000eb60 f   unzip.obj
 0001:0000dbe0       unzGoToFilePos             000000018000ebe0 f   unzip.obj
 0001:0000de40       unzOpenCurrentFile3        000000018000ee40 f   unzip.obj
 0001:0000e0e0       unzOpenCurrentFile         000000018000f0e0 f   unzip.obj
 0001:0000e100       unzOpenCurrentFilePassword 000000018000f100 f   unzip.obj
 0001:0000e120       unzOpenCurrentFile2        000000018000f120 f   unzip.obj
 0001:0000e140       unzGetCurrentFileZStreamPos64 000000018000f140 f   unzip.obj
 0001:0000e160       unzReadCurrentFile         000000018000f160 f   unzip.obj
 0001:0000e430       unztell                    000000018000f430 f   unzip.obj
 0001:0000e450       unztell64                  000000018000f450 f   unzip.obj
 0001:0000e480       unzeof                     000000018000f480 f   unzip.obj
 0001:0000e4b0       unzGetLocalExtrafield      000000018000f4b0 f   unzip.obj
 0001:0000e5a0       unzCloseCurrentFile        000000018000f5a0 f   unzip.obj
 0001:0000e650       unzGetGlobalComment        000000018000f650 f   unzip.obj
 0001:0000f650       zipOpen3                   0000000180010650 f   zip.obj
 0001:0000f7f0       zipOpen2                   00000001800107f0 f   zip.obj
 0001:0000f840       zipOpen2_64                0000000180010840 f   zip.obj
 0001:0000f8a0       zipOpen                    00000001800108a0 f   zip.obj
 0001:0000f8b0       zipOpen64                  00000001800108b0 f   zip.obj
 0001:0000fb30       zipOpenNewFileInZip4_64    0000000180010b30 f   zip.obj
 0001:00010140       zipOpenNewFileInZip3       0000000180011140 f   zip.obj
 0001:000101f0       zipOpenNewFileInZip3_64    00000001800111f0 f   zip.obj
 0001:000102b0       zipOpenNewFileInZip2       00000001800112b0 f   zip.obj
 0001:00010340       zipOpenNewFileInZip2_64    0000000180011340 f   zip.obj
 0001:000103e0       zipOpenNewFileInZip64      00000001800113e0 f   zip.obj
 0001:00010470       zipOpenNewFileInZip        0000000180011470 f   zip.obj
 0001:000105e0       zipWriteInFileInZip        00000001800115e0 f   zip.obj
 0001:00010750       zipCloseFileInZipRaw       0000000180011750 f   zip.obj
 0001:00010760       zipCloseFileInZipRaw64     0000000180011760 f   zip.obj
 0001:00010c70       zipCloseFileInZip          0000000180011c70 f   zip.obj
 0001:00011020       zipClose                   0000000180012020 f   zip.obj
 0001:00011190       zlibVersion                0000000180012190 f   zutil.obj
 0001:000111a0       zlibCompileFlags           00000001800121a0 f   zutil.obj
 0001:000111b0       zError                     00000001800121b0 f   zutil.obj
 0001:000111e0       zcalloc                    00000001800121e0 f   zutil.obj
 0001:000111f0       zcfree                     00000001800121f0 f   zutil.obj
 0001:000111fa       ReadFile                   00000001800121fa f   kernel32:KERNEL32.dll
 0001:00011200       WriteFile                  0000000180012200 f   kernel32:KERNEL32.dll
 0001:00011206       SetFilePointer             0000000180012206 f   kernel32:KERNEL32.dll
 0001:0001120c       CreateFileW                000000018001220c f   kernel32:KERNEL32.dll
 0001:00011212       GetLastError               0000000180012212 f   kernel32:KERNEL32.dll
 0001:00011218       CreateFileA                0000000180012218 f   kernel32:KERNEL32.dll
 0001:0001121e       CloseHandle                000000018001221e f   kernel32:KERNEL32.dll
 0001:00011550       _CRT_INIT                  0000000180012550 f   MSVCRT:dll_dllmain.obj
 0001:00011558       _DllMainCRTStartup         0000000180012558 f   MSVCRT:dll_dllmain.obj
 0001:00011604       __security_init_cookie     0000000180012604 f   MSVCRT:gs_support.obj
 0001:000116b0       DllMain                    00000001800126b0 f   MSVCRT:dll_dllmain_stub.obj
 0001:000116d4       ?__scrt_initialize_type_info@@YAXXZ 00000001800126d4 f   MSVCRT:tncleanup.obj
 0001:000116e4       ?__scrt_uninitialize_type_info@@YAXXZ 00000001800126e4 f   MSVCRT:tncleanup.obj
 0001:000116f0       __local_stdio_scanf_options 00000001800126f0 f i MSVCRT:default_local_stdio_options.obj
 0001:000116f8       __scrt_initialize_default_local_stdio_options 00000001800126f8 f   MSVCRT:default_local_stdio_options.obj
 0001:00011714       ?configure_argv@__scrt_narrow_argv_policy@@SAHXZ 0000000180012714 f i MSVCRT:utility.obj
 0001:00011774       ?initialize_environment@__scrt_narrow_environment_policy@@SAHXZ 0000000180012774 f i MSVCRT:utility.obj
 0001:000117ac       NtCurrentTeb               00000001800127ac f i MSVCRT:utility.obj
 0001:000117b8       __scrt_acquire_startup_lock 00000001800127b8 f   MSVCRT:utility.obj
 0001:000117f4       __scrt_dllmain_after_initialize_c 00000001800127f4 f   MSVCRT:utility.obj
 0001:00011828       __scrt_dllmain_before_initialize_c 0000000180012828 f   MSVCRT:utility.obj
 0001:00011840       __scrt_dllmain_crt_thread_attach 0000000180012840 f   MSVCRT:utility.obj
 0001:00011868       __scrt_dllmain_crt_thread_detach 0000000180012868 f   MSVCRT:utility.obj
 0001:00011880       __scrt_dllmain_exception_filter 0000000180012880 f   MSVCRT:utility.obj
 0001:000118e0       __scrt_dllmain_uninitialize_c 00000001800128e0 f   MSVCRT:utility.obj
 0001:00011910       __scrt_dllmain_uninitialize_critical 0000000180012910 f   MSVCRT:utility.obj
 0001:00011924       __scrt_initialize_crt      0000000180012924 f   MSVCRT:utility.obj
 0001:00011960       __scrt_initialize_onexit_tables 0000000180012960 f   MSVCRT:utility.obj
 0001:000119ec       __scrt_is_nonwritable_in_current_image 00000001800129ec f   MSVCRT:utility.obj
 0001:00011a84       __scrt_release_startup_lock 0000000180012a84 f   MSVCRT:utility.obj
 0001:00011aa8       __scrt_uninitialize_crt    0000000180012aa8 f   MSVCRT:utility.obj
 0001:00011ad4       _onexit                    0000000180012ad4 f   MSVCRT:utility.obj
 0001:00011b10       at_quick_exit              0000000180012b10 f   MSVCRT:utility.obj
 0001:00011b30       atexit                     0000000180012b30 f   MSVCRT:utility.obj
 0001:00011b48       __scrt_get_dyn_tls_init_callback 0000000180012b48 f   MSVCRT:dyn_tls_init.obj
 0001:00011b50       __crt_debugger_hook        0000000180012b50 f   MSVCRT:utility_desktop.obj
 0001:00011b58       __scrt_fastfail            0000000180012b58 f   MSVCRT:utility_desktop.obj
 0001:00011ca0       __scrt_get_show_window_mode 0000000180012ca0 f   MSVCRT:utility_desktop.obj
 0001:00011cdc       __scrt_initialize_mta      0000000180012cdc f   MSVCRT:utility_desktop.obj
 0001:00011ce4       __scrt_initialize_winrt    0000000180012ce4 f   MSVCRT:utility_desktop.obj
 0001:00011ce8       __scrt_is_managed_app      0000000180012ce8 f   MSVCRT:utility_desktop.obj
 0001:00011d3c       __scrt_set_unhandled_exception_filter 0000000180012d3c f   MSVCRT:utility_desktop.obj
 0001:00011d4c       __scrt_exe_initialize_mta  0000000180012d4c f   MSVCRT:utility_desktop.obj
 0001:00011d4c       __scrt_stub_for_initialize_mta 0000000180012d4c f   MSVCRT:utility_desktop.obj
 0001:00011d50       __scrt_unhandled_exception_filter 0000000180012d50 f   MSVCRT:utility_desktop.obj
 0001:00011dac       _RTC_Initialize            0000000180012dac f   MSVCRT:initsect.obj
 0001:00011de8       _RTC_Terminate             0000000180012de8 f   MSVCRT:initsect.obj
 0001:00011e24       _guard_check_icall_nop     0000000180012e24 f i MSVCRT:guard_support.obj
 0001:00011e28       ReadNoFence64              0000000180012e28 f i MSVCRT:guard_support.obj
 0001:00011e2c       ReadPointerNoFence         0000000180012e2c f i MSVCRT:guard_support.obj
 0001:00011e30       __castguard_check_failure_debugbreak 0000000180012e30 f i MSVCRT:guard_support.obj
 0001:00011e4c       __castguard_check_failure_fastfail 0000000180012e4c f i MSVCRT:guard_support.obj
 0001:00011e70       __castguard_check_failure_nop 0000000180012e70 f i MSVCRT:guard_support.obj
 0001:00011e74       __castguard_check_failure_os_handled 0000000180012e74 f i MSVCRT:guard_support.obj
 0001:00011ec0       __castguard_check_failure_user_handled 0000000180012ec0 f i MSVCRT:guard_support.obj
 0001:00011f34       __castguard_set_user_handler 0000000180012f34 f i MSVCRT:guard_support.obj
 0001:00011f40       __castguard_slow_path_check_debugbreak 0000000180012f40 f i MSVCRT:guard_support.obj
 0001:00011f74       __castguard_slow_path_check_fastfail 0000000180012f74 f i MSVCRT:guard_support.obj
 0001:00011fb0       __castguard_slow_path_check_nop 0000000180012fb0 f i MSVCRT:guard_support.obj
 0001:00011fb4       __castguard_slow_path_check_os_handled 0000000180012fb4 f i MSVCRT:guard_support.obj
 0001:00012000       __castguard_slow_path_check_user_handled 0000000180013000 f i MSVCRT:guard_support.obj
 0001:0001206c       _guard_icall_checks_enforced 000000018001306c f i MSVCRT:guard_support.obj
 0001:00012084       _guard_rf_checks_enforced  0000000180013084 f i MSVCRT:guard_support.obj
 0001:00012088       __isa_available_init       0000000180013088 f   MSVCRT:cpu_disp.obj
 0001:00012354       _get_startup_argv_mode     0000000180013354 f   MSVCRT:argv_mode.obj
 0001:0001235c       __scrt_is_ucrt_dll_in_use  000000018001335c f   MSVCRT:ucrt_detection.obj
 0001:00012370       __C_specific_handler       0000000180013370 f   vcruntime:VCRUNTIME140.dll
 0001:00012376       __std_type_info_destroy_list 0000000180013376 f   vcruntime:VCRUNTIME140.dll
 0001:0001237c       __current_exception        000000018001337c f   vcruntime:VCRUNTIME140.dll
 0001:00012382       __current_exception_context 0000000180013382 f   vcruntime:VCRUNTIME140.dll
 0001:00012388       memset                     0000000180013388 f   vcruntime:VCRUNTIME140.dll
 0001:0001238e       _lseeki64                  000000018001338e f   ucrt:api-ms-win-crt-stdio-l1-1-0.dll
 0001:00012394       _wopen                     0000000180013394 f   ucrt:api-ms-win-crt-stdio-l1-1-0.dll
 0001:0001239a       _open                      000000018001339a f   ucrt:api-ms-win-crt-stdio-l1-1-0.dll
 0001:000123a0       wcstombs                   00000001800133a0 f   ucrt:api-ms-win-crt-convert-l1-1-0.dll
 0001:000123a6       __stdio_common_vsprintf    00000001800133a6 f   ucrt:api-ms-win-crt-stdio-l1-1-0.dll
 0001:000123ac       free                       00000001800133ac f   ucrt:api-ms-win-crt-heap-l1-1-0.dll
 0001:000123b2       malloc                     00000001800133b2 f   ucrt:api-ms-win-crt-heap-l1-1-0.dll
 0001:000123b8       _read                      00000001800133b8 f   ucrt:api-ms-win-crt-stdio-l1-1-0.dll
 0001:000123be       _close                     00000001800133be f   ucrt:api-ms-win-crt-stdio-l1-1-0.dll
 0001:000123c4       _errno                     00000001800133c4 f   ucrt:api-ms-win-crt-runtime-l1-1-0.dll
 0001:000123ca       strerror                   00000001800133ca f   ucrt:api-ms-win-crt-runtime-l1-1-0.dll
 0001:000123d0       _write                     00000001800133d0 f   ucrt:api-ms-win-crt-stdio-l1-1-0.dll
 0001:000123d6       ftell                      00000001800133d6 f   ucrt:api-ms-win-crt-stdio-l1-1-0.dll
 0001:000123dc       ferror                     00000001800133dc f   ucrt:api-ms-win-crt-stdio-l1-1-0.dll
 0001:000123e2       fopen                      00000001800133e2 f   ucrt:api-ms-win-crt-stdio-l1-1-0.dll
 0001:000123e8       fclose                     00000001800133e8 f   ucrt:api-ms-win-crt-stdio-l1-1-0.dll
 0001:000123ee       fseek                      00000001800133ee f   ucrt:api-ms-win-crt-stdio-l1-1-0.dll
 0001:000123f4       fwrite                     00000001800133f4 f   ucrt:api-ms-win-crt-stdio-l1-1-0.dll
 0001:000123fa       _ftelli64                  00000001800133fa f   ucrt:api-ms-win-crt-stdio-l1-1-0.dll
 0001:00012400       fread                      0000000180013400 f   ucrt:api-ms-win-crt-stdio-l1-1-0.dll
 0001:00012406       _fseeki64                  0000000180013406 f   ucrt:api-ms-win-crt-stdio-l1-1-0.dll
 0001:0001240c       srand                      000000018001340c f   ucrt:api-ms-win-crt-utility-l1-1-0.dll
 0001:00012412       rand                       0000000180013412 f   ucrt:api-ms-win-crt-utility-l1-1-0.dll
 0001:00012418       _time64                    0000000180013418 f   ucrt:api-ms-win-crt-time-l1-1-0.dll
 0001:0001241e       _initterm                  000000018001341e f   ucrt:api-ms-win-crt-runtime-l1-1-0.dll
 0001:00012424       _initterm_e                0000000180013424 f   ucrt:api-ms-win-crt-runtime-l1-1-0.dll
 0001:0001242a       _seh_filter_dll            000000018001342a f   ucrt:api-ms-win-crt-runtime-l1-1-0.dll
 0001:00012430       _configure_narrow_argv     0000000180013430 f   ucrt:api-ms-win-crt-runtime-l1-1-0.dll
 0001:00012436       _initialize_narrow_environment 0000000180013436 f   ucrt:api-ms-win-crt-runtime-l1-1-0.dll
 0001:0001243c       _initialize_onexit_table   000000018001343c f   ucrt:api-ms-win-crt-runtime-l1-1-0.dll
 0001:00012442       _register_onexit_function  0000000180013442 f   ucrt:api-ms-win-crt-runtime-l1-1-0.dll
 0001:00012448       _execute_onexit_table      0000000180013448 f   ucrt:api-ms-win-crt-runtime-l1-1-0.dll
 0001:0001244e       _crt_atexit                000000018001344e f   ucrt:api-ms-win-crt-runtime-l1-1-0.dll
 0001:00012454       _crt_at_quick_exit         0000000180013454 f   ucrt:api-ms-win-crt-runtime-l1-1-0.dll
 0001:0001245a       _cexit                     000000018001345a f   ucrt:api-ms-win-crt-runtime-l1-1-0.dll
 0001:00012460       terminate                  0000000180013460 f   ucrt:api-ms-win-crt-runtime-l1-1-0.dll
 0001:00012466       QueryPerformanceCounter    0000000180013466 f   kernel32:KERNEL32.dll
 0001:0001246c       GetCurrentProcessId        000000018001346c f   kernel32:KERNEL32.dll
 0001:00012472       GetCurrentThreadId         0000000180013472 f   kernel32:KERNEL32.dll
 0001:00012478       GetSystemTimeAsFileTime    0000000180013478 f   kernel32:KERNEL32.dll
 0001:0001247e       DisableThreadLibraryCalls  000000018001347e f   kernel32:KERNEL32.dll
 0001:00012484       InitializeSListHead        0000000180013484 f   kernel32:KERNEL32.dll
 0001:0001248a       RtlCaptureContext          000000018001348a f   kernel32:KERNEL32.dll
 0001:00012490       RtlLookupFunctionEntry     0000000180013490 f   kernel32:KERNEL32.dll
 0001:00012496       RtlVirtualUnwind           0000000180013496 f   kernel32:KERNEL32.dll
 0001:0001249c       IsDebuggerPresent          000000018001349c f   kernel32:KERNEL32.dll
 0001:000124a2       UnhandledExceptionFilter   00000001800134a2 f   kernel32:KERNEL32.dll
 0001:000124a8       SetUnhandledExceptionFilter 00000001800134a8 f   kernel32:KERNEL32.dll
 0001:000124ae       GetStartupInfoW            00000001800134ae f   kernel32:KERNEL32.dll
 0001:000124b4       IsProcessorFeaturePresent  00000001800134b4 f   kernel32:KERNEL32.dll
 0001:000124ba       GetModuleHandleW           00000001800134ba f   kernel32:KERNEL32.dll
 0001:000124c0       __acrt_initialize          00000001800134c0 f   MSVCRT:ucrt_stubs.obj
 0001:000124c0       __scrt_stub_for_acrt_initialize 00000001800134c0 f   MSVCRT:ucrt_stubs.obj
 0001:000124c0       __vcrt_initialize          00000001800134c0 f   MSVCRT:ucrt_stubs.obj
 0001:000124c4       __acrt_thread_attach       00000001800134c4 f   MSVCRT:ucrt_stubs.obj
 0001:000124c4       __scrt_stub_for_acrt_thread_attach 00000001800134c4 f   MSVCRT:ucrt_stubs.obj
 0001:000124c4       __vcrt_thread_attach       00000001800134c4 f   MSVCRT:ucrt_stubs.obj
 0001:000124c8       __acrt_thread_detach       00000001800134c8 f   MSVCRT:ucrt_stubs.obj
 0001:000124c8       __scrt_stub_for_acrt_thread_detach 00000001800134c8 f   MSVCRT:ucrt_stubs.obj
 0001:000124c8       __vcrt_thread_detach       00000001800134c8 f   MSVCRT:ucrt_stubs.obj
 0001:000124cc       __acrt_uninitialize        00000001800134cc f   MSVCRT:ucrt_stubs.obj
 0001:000124cc       __scrt_stub_for_acrt_uninitialize 00000001800134cc f   MSVCRT:ucrt_stubs.obj
 0001:000124cc       __vcrt_uninitialize        00000001800134cc f   MSVCRT:ucrt_stubs.obj
 0001:000124d0       __acrt_uninitialize_critical 00000001800134d0 f   MSVCRT:ucrt_stubs.obj
 0001:000124d0       __scrt_stub_for_acrt_uninitialize_critical 00000001800134d0 f   MSVCRT:ucrt_stubs.obj
 0001:000124d0       __vcrt_uninitialize_critical 00000001800134d0 f   MSVCRT:ucrt_stubs.obj
 0001:000124d4       __scrt_stub_for_is_c_termination_complete 00000001800134d4 f   MSVCRT:ucrt_stubs.obj
 0001:000124d4       _is_c_termination_complete 00000001800134d4 f   MSVCRT:ucrt_stubs.obj
 0001:000124f0       __chkstk                   00000001800134f0 f   MSVCRT:chkstk.obj
 0001:000124f0       _alloca_probe              00000001800134f0 f   MSVCRT:chkstk.obj
 0001:0001253e       memchr                     000000018001353e f   vcruntime:VCRUNTIME140.dll
 0001:00012544       memcpy                     0000000180013544 f   vcruntime:VCRUNTIME140.dll
 0001:0001254a       memmove                    000000018001354a f   vcruntime:VCRUNTIME140.dll
 0001:00012560       _guard_dispatch_icall_nop  0000000180013560 f   MSVCRT:guard_dispatch.obj
 0001:00012580       _guard_xfg_dispatch_icall_nop 0000000180013580 f   MSVCRT:guard_xfg_dispatch.obj
 0002:00000000       __imp_ReadFile             0000000180014000     kernel32:KERNEL32.dll
 0002:00000008       __imp_WriteFile            0000000180014008     kernel32:KERNEL32.dll
 0002:00000010       __imp_SetFilePointer       0000000180014010     kernel32:KERNEL32.dll
 0002:00000018       __imp_CreateFileW          0000000180014018     kernel32:KERNEL32.dll
 0002:00000020       __imp_GetLastError         0000000180014020     kernel32:KERNEL32.dll
 0002:00000028       __imp_CreateFileA          0000000180014028     kernel32:KERNEL32.dll
 0002:00000030       __imp_CloseHandle          0000000180014030     kernel32:KERNEL32.dll
 0002:00000038       __imp_GetCurrentProcessId  0000000180014038     kernel32:KERNEL32.dll
 0002:00000040       __imp_GetCurrentThreadId   0000000180014040     kernel32:KERNEL32.dll
 0002:00000048       __imp_GetSystemTimeAsFileTime 0000000180014048     kernel32:KERNEL32.dll
 0002:00000050       __imp_DisableThreadLibraryCalls 0000000180014050     kernel32:KERNEL32.dll
 0002:00000058       __imp_InitializeSListHead  0000000180014058     kernel32:KERNEL32.dll
 0002:00000060       __imp_RtlCaptureContext    0000000180014060     kernel32:KERNEL32.dll
 0002:00000068       __imp_RtlLookupFunctionEntry 0000000180014068     kernel32:KERNEL32.dll
 0002:00000070       __imp_RtlVirtualUnwind     0000000180014070     kernel32:KERNEL32.dll
 0002:00000078       __imp_GetModuleHandleW     0000000180014078     kernel32:KERNEL32.dll
 0002:00000080       __imp_IsProcessorFeaturePresent 0000000180014080     kernel32:KERNEL32.dll
 0002:00000088       __imp_GetStartupInfoW      0000000180014088     kernel32:KERNEL32.dll
 0002:00000090       __imp_SetUnhandledExceptionFilter 0000000180014090     kernel32:KERNEL32.dll
 0002:00000098       __imp_UnhandledExceptionFilter 0000000180014098     kernel32:KERNEL32.dll
 0002:000000a0       __imp_IsDebuggerPresent    00000001800140a0     kernel32:KERNEL32.dll
 0002:000000a8       __imp_QueryPerformanceCounter 00000001800140a8     kernel32:KERNEL32.dll
 0002:000000b0       \177KERNEL32_NULL_THUNK_DATA 00000001800140b0     kernel32:KERNEL32.dll
 0002:000000b8       __imp___current_exception_context 00000001800140b8     vcruntime:VCRUNTIME140.dll
 0002:000000c0       __imp___current_exception  00000001800140c0     vcruntime:VCRUNTIME140.dll
 0002:000000c8       __imp___std_type_info_destroy_list 00000001800140c8     vcruntime:VCRUNTIME140.dll
 0002:000000d0       __imp___C_specific_handler 00000001800140d0     vcruntime:VCRUNTIME140.dll
 0002:000000d8       __imp_memset               00000001800140d8     vcruntime:VCRUNTIME140.dll
 0002:000000e0       __imp_memcpy               00000001800140e0     vcruntime:VCRUNTIME140.dll
 0002:000000e8       __imp_memchr               00000001800140e8     vcruntime:VCRUNTIME140.dll
 0002:000000f0       __imp_memmove              00000001800140f0     vcruntime:VCRUNTIME140.dll
 0002:000000f8       \177VCRUNTIME140_NULL_THUNK_DATA 00000001800140f8     vcruntime:VCRUNTIME140.dll
 0002:00000100       __imp_wcstombs             0000000180014100     ucrt:api-ms-win-crt-convert-l1-1-0.dll
 0002:00000108       \177api-ms-win-crt-convert-l1-1-0_NULL_THUNK_DATA 0000000180014108     ucrt:api-ms-win-crt-convert-l1-1-0.dll
 0002:00000110       __imp_malloc               0000000180014110     ucrt:api-ms-win-crt-heap-l1-1-0.dll
 0002:00000118       __imp_free                 0000000180014118     ucrt:api-ms-win-crt-heap-l1-1-0.dll
 0002:00000120       \177api-ms-win-crt-heap-l1-1-0_NULL_THUNK_DATA 0000000180014120     ucrt:api-ms-win-crt-heap-l1-1-0.dll
 0002:00000128       __imp_terminate            0000000180014128     ucrt:api-ms-win-crt-runtime-l1-1-0.dll
 0002:00000130       __imp__initterm            0000000180014130     ucrt:api-ms-win-crt-runtime-l1-1-0.dll
 0002:00000138       __imp__initterm_e          0000000180014138     ucrt:api-ms-win-crt-runtime-l1-1-0.dll
 0002:00000140       __imp__seh_filter_dll      0000000180014140     ucrt:api-ms-win-crt-runtime-l1-1-0.dll
 0002:00000148       __imp__configure_narrow_argv 0000000180014148     ucrt:api-ms-win-crt-runtime-l1-1-0.dll
 0002:00000150       __imp__initialize_narrow_environment 0000000180014150     ucrt:api-ms-win-crt-runtime-l1-1-0.dll
 0002:00000158       __imp__initialize_onexit_table 0000000180014158     ucrt:api-ms-win-crt-runtime-l1-1-0.dll
 0002:00000160       __imp__register_onexit_function 0000000180014160     ucrt:api-ms-win-crt-runtime-l1-1-0.dll
 0002:00000168       __imp__execute_onexit_table 0000000180014168     ucrt:api-ms-win-crt-runtime-l1-1-0.dll
 0002:00000170       __imp__crt_atexit          0000000180014170     ucrt:api-ms-win-crt-runtime-l1-1-0.dll
 0002:00000178       __imp__crt_at_quick_exit   0000000180014178     ucrt:api-ms-win-crt-runtime-l1-1-0.dll
 0002:00000180       __imp__cexit               0000000180014180     ucrt:api-ms-win-crt-runtime-l1-1-0.dll
 0002:00000188       __imp_strerror             0000000180014188     ucrt:api-ms-win-crt-runtime-l1-1-0.dll
 0002:00000190       __imp__errno               0000000180014190     ucrt:api-ms-win-crt-runtime-l1-1-0.dll
 0002:00000198       \177api-ms-win-crt-runtime-l1-1-0_NULL_THUNK_DATA 0000000180014198     ucrt:api-ms-win-crt-runtime-l1-1-0.dll
 0002:000001a0       __imp_fwrite               00000001800141a0     ucrt:api-ms-win-crt-stdio-l1-1-0.dll
 0002:000001a8       __imp__fseeki64            00000001800141a8     ucrt:api-ms-win-crt-stdio-l1-1-0.dll
 0002:000001b0       __imp__open                00000001800141b0     ucrt:api-ms-win-crt-stdio-l1-1-0.dll
 0002:000001b8       __imp_fread                00000001800141b8     ucrt:api-ms-win-crt-stdio-l1-1-0.dll
 0002:000001c0       __imp_fclose               00000001800141c0     ucrt:api-ms-win-crt-stdio-l1-1-0.dll
 0002:000001c8       __imp_fopen                00000001800141c8     ucrt:api-ms-win-crt-stdio-l1-1-0.dll
 0002:000001d0       __imp_ferror               00000001800141d0     ucrt:api-ms-win-crt-stdio-l1-1-0.dll
 0002:000001d8       __imp_ftell                00000001800141d8     ucrt:api-ms-win-crt-stdio-l1-1-0.dll
 0002:000001e0       __imp__write               00000001800141e0     ucrt:api-ms-win-crt-stdio-l1-1-0.dll
 0002:000001e8       __imp__lseeki64            00000001800141e8     ucrt:api-ms-win-crt-stdio-l1-1-0.dll
 0002:000001f0       __imp__wopen               00000001800141f0     ucrt:api-ms-win-crt-stdio-l1-1-0.dll
 0002:000001f8       __imp__close               00000001800141f8     ucrt:api-ms-win-crt-stdio-l1-1-0.dll
 0002:00000200       __imp__read                0000000180014200     ucrt:api-ms-win-crt-stdio-l1-1-0.dll
 0002:00000208       __imp__ftelli64            0000000180014208     ucrt:api-ms-win-crt-stdio-l1-1-0.dll
 0002:00000210       __imp_fseek                0000000180014210     ucrt:api-ms-win-crt-stdio-l1-1-0.dll
 0002:00000218       __imp___stdio_common_vsprintf 0000000180014218     ucrt:api-ms-win-crt-stdio-l1-1-0.dll
 0002:00000220       \177api-ms-win-crt-stdio-l1-1-0_NULL_THUNK_DATA 0000000180014220     ucrt:api-ms-win-crt-stdio-l1-1-0.dll
 0002:00000228       __imp__time64              0000000180014228     ucrt:api-ms-win-crt-time-l1-1-0.dll
 0002:00000230       \177api-ms-win-crt-time-l1-1-0_NULL_THUNK_DATA 0000000180014230     ucrt:api-ms-win-crt-time-l1-1-0.dll
 0002:00000238       __imp_srand                0000000180014238     ucrt:api-ms-win-crt-utility-l1-1-0.dll
 0002:00000240       __imp_rand                 0000000180014240     ucrt:api-ms-win-crt-utility-l1-1-0.dll
 0002:00000248       \177api-ms-win-crt-utility-l1-1-0_NULL_THUNK_DATA 0000000180014248     ucrt:api-ms-win-crt-utility-l1-1-0.dll
 0002:00000250       __guard_check_icall_fptr   0000000180014250     MSVCRT:guard_support.obj
 0002:00000258       __guard_xfg_check_icall_fptr 0000000180014258     MSVCRT:guard_support.obj
 0002:00000260       __guard_dispatch_icall_fptr 0000000180014260     MSVCRT:guard_support.obj
 0002:00000268       __guard_xfg_dispatch_icall_fptr 0000000180014268     MSVCRT:guard_support.obj
 0002:00000270       __guard_xfg_table_dispatch_icall_fptr 0000000180014270     MSVCRT:guard_support.obj
 0002:00000278       __castguard_check_failure_os_handled_fptr 0000000180014278     MSVCRT:guard_support.obj
 0002:00000280       __guard_memcpy_fptr        0000000180014280     vcruntime:softmemtag.obj
 0002:00000288       __xc_a                     0000000180014288     MSVCRT:initializers.obj
 0002:00000290       __xc_z                     0000000180014290     MSVCRT:initializers.obj
 0002:00000298       __xi_a                     0000000180014298     MSVCRT:initializers.obj
 0002:000002a0       __xi_z                     00000001800142a0     MSVCRT:initializers.obj
 0002:000002a8       __xp_a                     00000001800142a8     MSVCRT:initializers.obj
 0002:000002b0       __xp_z                     00000001800142b0     MSVCRT:initializers.obj
 0002:000002b8       __xt_a                     00000001800142b8     MSVCRT:initializers.obj
 0002:000002c0       __xt_z                     00000001800142c0     MSVCRT:initializers.obj
 0002:000002d0       _pDefaultRawDllMain        00000001800142d0     MSVCRT:dll_dllmain.obj
 0002:000002d0       _pRawDllMain               00000001800142d0     MSVCRT:dll_dllmain.obj
 0002:000002e0       __xmm@ffffffffffffffffffffffffffffffff 00000001800142e0     MSVCRT:utility.obj
 0002:000002f0       ??_C@_05OJPKCACG@1?43?41@  00000001800142f0     compress.obj
 0002:00003e90       _length_code               0000000180017e90     trees.obj
 0002:00003f90       _dist_code                 0000000180017f90     trees.obj
 0002:00004960       unz_copyright              0000000180018960     unzip.obj
 0002:000049c0       z_errmsg                   00000001800189c0     zutil.obj
 0002:00004a10       ??_C@_02DKCKIIND@?$CFs@    0000000180018a10     gzlib.obj
 0002:00004a18       ??_C@_07EBNKNFJN@?$DMfd?3?$CFd?$DO@ 0000000180018a18     gzlib.obj
 0002:00004a20       ??_C@_0O@BNNCBLEN@out?5of?5memory@ 0000000180018a20     gzlib.obj
 0002:00004a2e       ??_C@_00CNPNBAHC@@         0000000180018a2e     gzlib.obj
 0002:00004a30       ??_C@_02LMMGGCAJ@?3?5@     0000000180018a30     gzlib.obj
 0002:00004a34       ??_C@_06DIJPEION@?$CFs?$CFs?$CFs@ 0000000180018a34     gzlib.obj
 0002:00004a40       ??_C@_0BH@CFIIDOJD@unexpected?5end?5of?5file@ 0000000180018a40     gzread.obj
 0002:00004a58       ??_C@_0CH@CPOLIEKA@internal?5error?3?5inflate?5stream?5@ 0000000180018a58     gzread.obj
 0002:00004a80       ??_C@_0BG@HCKBMIHF@compressed?5data?5error@ 0000000180018a80     gzread.obj
 0002:00004a98       ??_C@_0BP@HLDABFKK@request?5does?5not?5fit?5in?5an?5int@ 0000000180018a98     gzread.obj
 0002:00004ab8       ??_C@_0CB@EGGJDMIK@request?5does?5not?5fit?5in?5a?5size_@ 0000000180018ab8     gzread.obj
 0002:00004ae0       ??_C@_0BP@IIKIGMCC@out?5of?5room?5to?5push?5characters@ 0000000180018ae0     gzread.obj
 0002:00004b00       ??_C@_0CH@DEEGAHIB@internal?5error?3?5deflate?5stream?5@ 0000000180018b00     gzwrite.obj
 0002:00004b28       ??_C@_0CF@MLPJFDMM@requested?5length?5does?5not?5fit?5i@ 0000000180018b28     gzwrite.obj
 0002:00004b50       ??_C@_0CC@ENDIFONJ@string?5length?5does?5not?5fit?5in?5i@ 0000000180018b50     gzwrite.obj
 0002:00004b78       ??_C@_0BD@PJCBIDD@invalid?5block?5type@ 0000000180018b78     infback.obj
 0002:00004b90       ??_C@_0BN@LGAADGOK@invalid?5stored?5block?5lengths@ 0000000180018b90     infback.obj
 0002:00004bb0       ??_C@_0CE@GMIGFPBB@too?5many?5length?5or?5distance?5sym@ 0000000180018bb0     infback.obj
 0002:00004bd8       ??_C@_0BJ@HDEPPGOH@invalid?5code?5lengths?5set@ 0000000180018bd8     infback.obj
 0002:00004bf8       ??_C@_0BK@BMMPFBBH@invalid?5bit?5length?5repeat@ 0000000180018bf8     infback.obj
 0002:00004c18       ??_C@_0CF@DGDMADCD@invalid?5code?5?9?9?5missing?5end?9of?9@ 0000000180018c18     infback.obj
 0002:00004c40       ??_C@_0BM@IIMGAINC@invalid?5literal?1lengths?5set@ 0000000180018c40     infback.obj
 0002:00004c60       ??_C@_0BG@GMDFCBGP@invalid?5distances?5set@ 0000000180018c60     infback.obj
 0002:00004c78       ??_C@_0BM@FFFLPBBC@invalid?5literal?1length?5code@ 0000000180018c78     infback.obj
 0002:00004c98       ??_C@_0BG@LBKINIKP@invalid?5distance?5code@ 0000000180018c98     infback.obj
 0002:00004cb0       ??_C@_0BO@ECPMAOGG@invalid?5distance?5too?5far?5back@ 0000000180018cb0     infback.obj
 0002:00004cd0       ??_C@_0BH@LIBMMIGA@incorrect?5header?5check@ 0000000180018cd0     inflate.obj
 0002:00004ce8       ??_C@_0BL@IHKGDAEE@unknown?5compression?5method@ 0000000180018ce8     inflate.obj
 0002:00004d08       ??_C@_0BE@EMOGCLGO@invalid?5window?5size@ 0000000180018d08     inflate.obj
 0002:00004d20       ??_C@_0BJ@BLBBCOMO@unknown?5header?5flags?5set@ 0000000180018d20     inflate.obj
 0002:00004d40       ??_C@_0BE@GONKLEPM@header?5crc?5mismatch@ 0000000180018d40     inflate.obj
 0002:00004d58       ??_C@_0BF@MEIGEHBE@incorrect?5data?5check@ 0000000180018d58     inflate.obj
 0002:00004d70       ??_C@_0BH@FGKKJGOC@incorrect?5length?5check@ 0000000180018d70     inflate.obj
 0002:00004d88       ??_C@_02JDPG@rb@           0000000180018d88     ioapi.obj
 0002:00004d8c       ??_C@_03HMFOOINA@r?$CLb@   0000000180018d8c     ioapi.obj
 0002:00004d90       ??_C@_02GMLFBBN@wb@        0000000180018d90     ioapi.obj
 0002:00004d94       ??_C@_01JOAMLHOP@?9@       0000000180018d94     zip.obj
 0002:00004d98       ??_C@_0BA@MOKMMFOD@need?5dictionary@ 0000000180018d98     zutil.obj
 0002:00004da8       ??_C@_0L@FNAOCBOG@stream?5end@ 0000000180018da8     zutil.obj
 0002:00004db8       ??_C@_0L@KIJFAKBJ@file?5error@ 0000000180018db8     zutil.obj
 0002:00004dc8       ??_C@_0N@MKKNPMJD@stream?5error@ 0000000180018dc8     zutil.obj
 0002:00004dd8       ??_C@_0L@HAHMBNLP@data?5error@ 0000000180018dd8     zutil.obj
 0002:00004de8       ??_C@_0BE@OGGJBMCE@insufficient?5memory@ 0000000180018de8     zutil.obj
 0002:00004e00       ??_C@_0N@DFPGLBGC@buffer?5error@ 0000000180018e00     zutil.obj
 0002:00004e10       ??_C@_0BF@CJFPCCEG@incompatible?5version@ 0000000180018e10     zutil.obj
 0002:00004e30       _load_config_used          0000000180018e30     MSVCRT:loadcfg.obj
 0002:00005000       __CastGuardVftablesStart   0000000180019000     MSVCRT:guard_support.obj
 0002:00005080       __CastGuardVftablesEnd     0000000180019080     MSVCRT:guard_support.obj
 0002:00005100       __volatile_metadata        0000000180019100     <linker-defined>
 0002:000054c0       __rtc_iaa                  00000001800194c0     MSVCRT:initsect.obj
 0002:000054c8       __rtc_izz                  00000001800194c8     MSVCRT:initsect.obj
 0002:000054d0       __rtc_taa                  00000001800194d0     MSVCRT:initsect.obj
 0002:000054d8       __rtc_tzz                  00000001800194d8     MSVCRT:initsect.obj
 0002:00007a80       __IMPORT_DESCRIPTOR_KERNEL32 000000018001ba80     kernel32:KERNEL32.dll
 0002:00007a94       __IMPORT_DESCRIPTOR_VCRUNTIME140 000000018001ba94     vcruntime:VCRUNTIME140.dll
 0002:00007aa8       __IMPORT_DESCRIPTOR_api-ms-win-crt-stdio-l1-1-0 000000018001baa8     ucrt:api-ms-win-crt-stdio-l1-1-0.dll
 0002:00007abc       __IMPORT_DESCRIPTOR_api-ms-win-crt-convert-l1-1-0 000000018001babc     ucrt:api-ms-win-crt-convert-l1-1-0.dll
 0002:00007ad0       __IMPORT_DESCRIPTOR_api-ms-win-crt-heap-l1-1-0 000000018001bad0     ucrt:api-ms-win-crt-heap-l1-1-0.dll
 0002:00007ae4       __IMPORT_DESCRIPTOR_api-ms-win-crt-runtime-l1-1-0 000000018001bae4     ucrt:api-ms-win-crt-runtime-l1-1-0.dll
 0002:00007af8       __IMPORT_DESCRIPTOR_api-ms-win-crt-utility-l1-1-0 000000018001baf8     ucrt:api-ms-win-crt-utility-l1-1-0.dll
 0002:00007b0c       __IMPORT_DESCRIPTOR_api-ms-win-crt-time-l1-1-0 000000018001bb0c     ucrt:api-ms-win-crt-time-l1-1-0.dll
 0002:00007b20       __NULL_IMPORT_DESCRIPTOR   000000018001bb20     kernel32:KERNEL32.dll
 0003:00000000       __scrt_native_dllmain_reason 000000018001d000     MSVCRT:utility.obj
 0003:00000040       __security_cookie          000000018001d040     MSVCRT:gs_cookie.obj
 0003:00000080       __security_cookie_complement 000000018001d080     MSVCRT:gs_cookie.obj
 0003:00000088       __isa_inverted             000000018001d088     MSVCRT:cpu_disp.obj
 0003:00000090       __isa_available            000000018001d090     MSVCRT:cpu_disp.obj
 0003:00000094       __isa_enabled              000000018001d094     MSVCRT:cpu_disp.obj
 0003:00000098       __memset_fast_string_threshold 000000018001d098     MSVCRT:cpu_disp.obj
 0003:000000a0       __memset_nt_threshold      000000018001d0a0     MSVCRT:cpu_disp.obj
 0003:000000b0       __scrt_ucrt_dll_is_in_use  000000018001d0b0     MSVCRT:ucrt_stubs.obj
 0003:000000d0       ?__type_info_root_node@@3U__type_info_node@@A 000000018001d0d0     MSVCRT:tncleanup.obj
 0003:000000e0       ?_OptionsStorage@?1??__local_stdio_printf_options@@9@4_KA 000000018001d0e0     MSVCRT:default_local_stdio_options.obj
 0003:000000e8       ?_OptionsStorage@?1??__local_stdio_scanf_options@@9@4_KA 000000018001d0e8     MSVCRT:default_local_stdio_options.obj
 0003:000000f0       __scrt_current_native_startup_state 000000018001d0f0     MSVCRT:utility.obj
 0003:000000f8       __scrt_native_startup_lock 000000018001d0f8     MSVCRT:utility.obj
 0003:00000138       __scrt_debugger_hook_flag  000000018001d138     MSVCRT:utility_desktop.obj
 0003:00000140       __castguard_check_failure_user_handled_fptr 000000018001d140     MSVCRT:guard_support.obj
 0003:00000148       __avx10_version            000000018001d148     MSVCRT:cpu_disp.obj
 0003:0000014c       __favor                    000000018001d14c     MSVCRT:cpu_disp.obj
 0003:00000158       __dyn_tls_init_callback    000000018001d158     <common>
 0003:00000160       ?_OptionsStorage@?1??__local_stdio_printf_options@@9@9 000000018001d160     <common>
 0003:00000168       ?_OptionsStorage@?1??__local_stdio_scanf_options@@9@9 000000018001d168     <common>

 entry point at        0001:00011558

 Static symbols

 0000:fffde000       .debug$S                   0000000180000000     zlibwapi.exp
 0000:fffde000       .debug$S                   0000000180000000     ucrt:api-ms-win-crt-convert-l1-1-0.dll
 0000:fffde000       .debug$S                   0000000180000000     ucrt:api-ms-win-crt-heap-l1-1-0.dll
 0000:fffde000       .debug$S                   0000000180000000     ucrt:api-ms-win-crt-heap-l1-1-0.dll
 0000:fffde000       .debug$S                   0000000180000000     ucrt:api-ms-win-crt-runtime-l1-1-0.dll
 0000:fffde000       .debug$S                   0000000180000000     ucrt:api-ms-win-crt-runtime-l1-1-0.dll
 0000:fffde000       .debug$S                   0000000180000000     ucrt:api-ms-win-crt-runtime-l1-1-0.dll
 0000:fffde000       .debug$S                   0000000180000000     ucrt:api-ms-win-crt-runtime-l1-1-0.dll
 0000:fffde000       .debug$S                   0000000180000000     ucrt:api-ms-win-crt-runtime-l1-1-0.dll
 0000:fffde000       .debug$S                   0000000180000000     ucrt:api-ms-win-crt-runtime-l1-1-0.dll
 0000:fffde000       .debug$S                   0000000180000000     ucrt:api-ms-win-crt-runtime-l1-1-0.dll
 0000:fffde000       .debug$S                   0000000180000000     ucrt:api-ms-win-crt-runtime-l1-1-0.dll
 0000:fffde000       .debug$S                   0000000180000000     ucrt:api-ms-win-crt-runtime-l1-1-0.dll
 0000:fffde000       .debug$S                   0000000180000000     ucrt:api-ms-win-crt-runtime-l1-1-0.dll
 0000:fffde000       .debug$S                   0000000180000000     ucrt:api-ms-win-crt-runtime-l1-1-0.dll
 0000:fffde000       .debug$S                   0000000180000000     ucrt:api-ms-win-crt-runtime-l1-1-0.dll
 0000:fffde000       .debug$S                   0000000180000000     ucrt:api-ms-win-crt-runtime-l1-1-0.dll
 0000:fffde000       .debug$S                   0000000180000000     ucrt:api-ms-win-crt-runtime-l1-1-0.dll
 0000:fffde000       .debug$S                   0000000180000000     ucrt:api-ms-win-crt-stdio-l1-1-0.dll
 0000:fffde000       .debug$S                   0000000180000000     ucrt:api-ms-win-crt-stdio-l1-1-0.dll
 0000:fffde000       .debug$S                   0000000180000000     ucrt:api-ms-win-crt-stdio-l1-1-0.dll
 0000:fffde000       .debug$S                   0000000180000000     ucrt:api-ms-win-crt-stdio-l1-1-0.dll
 0000:fffde000       .debug$S                   0000000180000000     ucrt:api-ms-win-crt-stdio-l1-1-0.dll
 0000:fffde000       .debug$S                   0000000180000000     ucrt:api-ms-win-crt-stdio-l1-1-0.dll
 0000:fffde000       .debug$S                   0000000180000000     ucrt:api-ms-win-crt-stdio-l1-1-0.dll
 0000:fffde000       .debug$S                   0000000180000000     ucrt:api-ms-win-crt-stdio-l1-1-0.dll
 0000:fffde000       .debug$S                   0000000180000000     ucrt:api-ms-win-crt-stdio-l1-1-0.dll
 0000:fffde000       .debug$S                   0000000180000000     ucrt:api-ms-win-crt-stdio-l1-1-0.dll
 0000:fffde000       .debug$S                   0000000180000000     ucrt:api-ms-win-crt-stdio-l1-1-0.dll
 0000:fffde000       .debug$S                   0000000180000000     ucrt:api-ms-win-crt-stdio-l1-1-0.dll
 0000:fffde000       .debug$S                   0000000180000000     ucrt:api-ms-win-crt-stdio-l1-1-0.dll
 0000:fffde000       .debug$S                   0000000180000000     ucrt:api-ms-win-crt-stdio-l1-1-0.dll
 0000:fffde000       .debug$S                   0000000180000000     ucrt:api-ms-win-crt-stdio-l1-1-0.dll
 0000:fffde000       .debug$S                   0000000180000000     ucrt:api-ms-win-crt-stdio-l1-1-0.dll
 0000:fffde000       .debug$S                   0000000180000000     ucrt:api-ms-win-crt-time-l1-1-0.dll
 0000:fffde000       .debug$S                   0000000180000000     ucrt:api-ms-win-crt-utility-l1-1-0.dll
 0000:fffde000       .debug$S                   0000000180000000     ucrt:api-ms-win-crt-utility-l1-1-0.dll
 0000:fffde000       .debug$S                   0000000180000000     kernel32:KERNEL32.dll
 0000:fffde000       .debug$S                   0000000180000000     kernel32:KERNEL32.dll
 0000:fffde000       .debug$S                   0000000180000000     kernel32:KERNEL32.dll
 0000:fffde000       .debug$S                   0000000180000000     kernel32:KERNEL32.dll
 0000:fffde000       .debug$S                   0000000180000000     kernel32:KERNEL32.dll
 0000:fffde000       .debug$S                   0000000180000000     kernel32:KERNEL32.dll
 0000:fffde000       .debug$S                   0000000180000000     kernel32:KERNEL32.dll
 0000:fffde000       .debug$S                   0000000180000000     kernel32:KERNEL32.dll
 0000:fffde000       .debug$S                   0000000180000000     kernel32:KERNEL32.dll
 0000:fffde000       .debug$S                   0000000180000000     kernel32:KERNEL32.dll
 0000:fffde000       .debug$S                   0000000180000000     kernel32:KERNEL32.dll
 0000:fffde000       .debug$S                   0000000180000000     kernel32:KERNEL32.dll
 0000:fffde000       .debug$S                   0000000180000000     kernel32:KERNEL32.dll
 0000:fffde000       .debug$S                   0000000180000000     kernel32:KERNEL32.dll
 0000:fffde000       .debug$S                   0000000180000000     kernel32:KERNEL32.dll
 0000:fffde000       .debug$S                   0000000180000000     kernel32:KERNEL32.dll
 0000:fffde000       .debug$S                   0000000180000000     kernel32:KERNEL32.dll
 0000:fffde000       .debug$S                   0000000180000000     kernel32:KERNEL32.dll
 0000:fffde000       .debug$S                   0000000180000000     kernel32:KERNEL32.dll
 0000:fffde000       .debug$S                   0000000180000000     kernel32:KERNEL32.dll
 0000:fffde000       .debug$S                   0000000180000000     kernel32:KERNEL32.dll
 0000:fffde000       .debug$S                   0000000180000000     kernel32:KERNEL32.dll
 0000:00000000       _volmd                     0000000180000000     MSVCRT:cpu_disp.obj
 0002:fffec000       __guard_ehcont_?dllmain_dispatch@@YAHQEAUHINSTANCE__@@KQEAX@Z 0000000180000000     MSVCRT:dll_dllmain.obj
 0002:fffec000       __guard_fids_?dllmain_dispatch@@YAHQEAUHINSTANCE__@@KQEAX@Z 0000000180000000     MSVCRT:dll_dllmain.obj
 0002:fffec000       __guard_fids__             0000000180000000     MSVCRT:guard_support.obj
 0002:fffec000       __guard_fids__             0000000180000000     MSVCRT:guard_support.obj
 0002:fffec000       __guard_fids__guard_icall_checks_enforced 0000000180000000     MSVCRT:guard_support.obj
 0000:00000000       _volmd                     0000000180000000     MSVCRT:guard_support.obj
 0000:00000000       _volmd                     0000000180000000     MSVCRT:guard_support.obj
 0000:00000000       _volmd                     0000000180000000     MSVCRT:guard_support.obj
 0000:00000000       _volmd                     0000000180000000     MSVCRT:guard_support.obj
 0000:00000000       _volmd                     0000000180000000     MSVCRT:guard_support.obj
 0000:00000000       _volmd                     0000000180000000     MSVCRT:guard_support.obj
 0000:00000000       _volmd                     0000000180000000     MSVCRT:guard_support.obj
 0000:00000000       _volmd                     0000000180000000     MSVCRT:guard_support.obj
 0000:00000000       _volmd                     0000000180000000     MSVCRT:guard_support.obj
 0000:00000000       _volmd                     0000000180000000     MSVCRT:guard_support.obj
 0002:fffec000       __guard_ehcont___scrt_is_nonwritable_in_current_image 0000000180000000     MSVCRT:utility.obj
 0000:00000000       _volmd                     0000000180000000     MSVCRT:utility.obj
 0000:00000000       _volmd                     0000000180000000     MSVCRT:utility.obj
 0000:00000000       _volmd                     0000000180000000     MSVCRT:utility.obj
 0002:fffec000       __guard_fids___scrt_set_unhandled_exception_filter 0000000180000000     MSVCRT:utility_desktop.obj
 0000:00000000       _volmd                     0000000180000000     MSVCRT:utility_desktop.obj
 0002:fffec000       __guard_fids__             0000000180000000     vcruntime:softmemtag.obj
 0000:fffde000       .debug$S                   0000000180000000     vcruntime:VCRUNTIME140.dll
 0000:fffde000       .debug$S                   0000000180000000     vcruntime:VCRUNTIME140.dll
 0000:fffde000       .debug$S                   0000000180000000     vcruntime:VCRUNTIME140.dll
 0000:fffde000       .debug$S                   0000000180000000     vcruntime:VCRUNTIME140.dll
 0000:fffde000       .debug$S                   0000000180000000     vcruntime:VCRUNTIME140.dll
 0000:fffde000       .debug$S                   0000000180000000     vcruntime:VCRUNTIME140.dll
 0000:fffde000       .debug$S                   0000000180000000     vcruntime:VCRUNTIME140.dll
 0000:fffde000       .debug$S                   0000000180000000     vcruntime:VCRUNTIME140.dll
 0001:000002f0       adler32_combine_           00000001800012f0 f   adler32.obj
 0001:00000520       byte_swap                  0000000180001520 f   crc32.obj
 0001:00000530       multmodp                   0000000180001530 f   crc32.obj
 0001:00000570       x2nmodp                    0000000180001570 f   crc32.obj
 0001:000005d0       crc_word                   00000001800015d0 f   crc32.obj
 0001:00000610       crc_word_big               0000000180001610 f   crc32.obj
 0001:00000aa0       slide_hash                 0000000180001aa0 f   deflate.obj
 0001:00000b20       read_buf                   0000000180001b20 f   deflate.obj
 0001:00000bc0       fill_window                0000000180001bc0 f   deflate.obj
 0001:000010d0       deflateStateCheck          00000001800020d0 f   deflate.obj
 0001:00001450       lm_init                    0000000180002450 f   deflate.obj
 0001:000019a0       putShortMSB                00000001800029a0 f   deflate.obj
 0001:000019d0       flush_pending              00000001800029d0 f   deflate.obj
 0001:000026a0       longest_match              00000001800036a0 f   deflate.obj
 0001:00002860       deflate_stored             0000000180003860 f   deflate.obj
 0001:00002cb0       deflate_fast               0000000180003cb0 f   deflate.obj
 0001:00003140       deflate_slow               0000000180004140 f   deflate.obj
 0001:000036b0       deflate_rle                00000001800046b0 f   deflate.obj
 0001:00003a10       deflate_huff               0000000180004a10 f   deflate.obj
 0001:00003d00       gz_reset                   0000000180004d00 f   gzlib.obj
 0001:00003d50       gz_open                    0000000180004d50 f   gzlib.obj
 0001:00003ffc       $LN60                      0000000180004ffc     gzlib.obj
 0001:00004028       $LN59                      0000000180005028     gzlib.obj
 0001:000045f0       gz_load                    00000001800055f0 f   gzread.obj
 0001:000046a0       gz_avail                   00000001800056a0 f   gzread.obj
 0001:00004730       gz_look                    0000000180005730 f   gzread.obj
 0001:00004900       gz_decomp                  0000000180005900 f   gzread.obj
 0001:00004a20       gz_fetch                   0000000180005a20 f   gzread.obj
 0001:00004ad0       gz_skip                    0000000180005ad0 f   gzread.obj
 0001:00004b50       gz_read                    0000000180005b50 f   gzread.obj
 0001:000051a0       gz_init                    00000001800061a0 f   gzwrite.obj
 0001:000052d0       gz_comp                    00000001800062d0 f   gzwrite.obj
 0001:000054a0       gz_zero                    00000001800064a0 f   gzwrite.obj
 0001:00005550       gz_write                   0000000180006550 f   gzwrite.obj
 0001:00005df0       fixedtables                0000000180006df0 f   infback.obj
 0001:00006d20       $LN485                     0000000180007d20     infback.obj
 0001:000072c0       inflateStateCheck          00000001800082c0 f   inflate.obj
 0001:000075f0       fixedtables                00000001800085f0 f   inflate.obj
 0001:00007620       updatewindow               0000000180008620 f   inflate.obj
 0001:00008ed8       $LN844                     0000000180009ed8     inflate.obj
 0001:00009150       syncsearch                 000000018000a150 f   inflate.obj
 0001:00009ce0       fopen_file_func            000000018000ace0 f   ioapi.obj
 0001:00009d30       fopen64_file_func          000000018000ad30 f   ioapi.obj
 0001:00009d80       fread_file_func            000000018000ad80 f   ioapi.obj
 0001:00009da0       fwrite_file_func           000000018000ada0 f   ioapi.obj
 0001:00009dc0       ftell_file_func            000000018000adc0 f   ioapi.obj
 0001:00009dd0       ftell64_file_func          000000018000add0 f   ioapi.obj
 0001:00009de0       fseek_file_func            000000018000ade0 f   ioapi.obj
 0001:00009e30       fseek64_file_func          000000018000ae30 f   ioapi.obj
 0001:00009e80       fclose_file_func           000000018000ae80 f   ioapi.obj
 0001:00009e90       ferror_file_func           000000018000ae90 f   ioapi.obj
 0001:00009f00       win32_translate_open_mode  000000018000af00 f   iowin32.obj
 0001:00009f60       win32_build_iowin          000000018000af60 f   iowin32.obj
 0001:0000a2b0       MySetFilePointerEx         000000018000b2b0 f   iowin32.obj
 0001:0000a6b0       bi_reverse                 000000018000b6b0 f   trees.obj
 0001:0000a6d0       bi_flush                   000000018000b6d0 f   trees.obj
 0001:0000a750       bi_windup                  000000018000b750 f   trees.obj
 0001:0000a7b0       gen_codes                  000000018000b7b0 f   trees.obj
 0001:0000a8d0       tr_static_init             000000018000b8d0 f   trees.obj
 0001:0000a8e0       init_block                 000000018000b8e0 f   trees.obj
 0001:0000ab20       pqdownheap                 000000018000bb20 f   trees.obj
 0001:0000ac10       gen_bitlen                 000000018000bc10 f   trees.obj
 0001:0000ae30       build_tree                 000000018000be30 f   trees.obj
 0001:0000b080       scan_tree                  000000018000c080 f   trees.obj
 0001:0000b190       send_tree                  000000018000c190 f   trees.obj
 0001:0000b690       build_bl_tree              000000018000c690 f   trees.obj
 0001:0000b760       send_all_trees             000000018000c760 f   trees.obj
 0001:0000bc10       compress_block             000000018000cc10 f   trees.obj
 0001:0000c080       detect_data_type           000000018000d080 f   trees.obj
 0001:0000c4b0       unz64local_getShort        000000018000d4b0 f   unzip.obj
 0001:0000c530       unz64local_getLong         000000018000d530 f   unzip.obj
 0001:0000c5c0       unz64local_getLong64       000000018000d5c0 f   unzip.obj
 0001:0000c690       strcmpcasenosensitive_internal 000000018000d690 f   unzip.obj
 0001:0000c740       unz64local_SearchCentralDir 000000018000d740 f   unzip.obj
 0001:0000c8a0       unz64local_SearchCentralDir64 000000018000d8a0 f   unzip.obj
 0001:0000cac0       unzOpenInternal            000000018000dac0 f   unzip.obj
 0001:0000d080       unz64local_DosDateToTmuDate 000000018000e080 f   unzip.obj
 0001:0000d0e0       unz64local_GetCurrentFileInfoInternal 000000018000e0e0 f   unzip.obj
 0001:0000dc20       unz64local_CheckCurrentFileCoherencyHeader 000000018000ec20 f   unzip.obj
 0001:0000e700       time                       000000018000f700 f   zip.obj
 0001:0000e710       decrypt_byte               000000018000f710 f   zip.obj
 0001:0000e730       update_keys                000000018000f730 f   zip.obj
 0001:0000e790       init_keys                  000000018000f790 f   zip.obj
 0001:0000e800       crypthead                  000000018000f800 f   zip.obj
 0001:0000e950       allocate_new_datablock     000000018000f950 f   zip.obj
 0001:0000e980       free_datablock             000000018000f980 f   zip.obj
 0001:0000e9b0       init_linkedlist            000000018000f9b0 f   zip.obj
 0001:0000e9c0       free_linkedlist            000000018000f9c0 f   zip.obj
 0001:0000e9e0       add_data_in_datablock      000000018000f9e0 f   zip.obj
 0001:0000eac0       zip64local_putValue        000000018000fac0 f   zip.obj
 0001:0000eb40       zip64local_putValue_inmemory 000000018000fb40 f   zip.obj
 0001:0000eb80       zip64local_TmzDateToDosDate 000000018000fb80 f   zip.obj
 0001:0000ebd0       zip64local_getByte         000000018000fbd0 f   zip.obj
 0001:0000ec40       zip64local_getShort        000000018000fc40 f   zip.obj
 0001:0000ecc0       zip64local_getLong         000000018000fcc0 f   zip.obj
 0001:0000ed90       zip64local_getLong64       000000018000fd90 f   zip.obj
 0001:0000ef10       zip64local_SearchCentralDir 000000018000ff10 f   zip.obj
 0001:0000f080       zip64local_SearchCentralDir64 0000000180010080 f   zip.obj
 0001:0000f2a0       LoadCentralDirectoryRecord 00000001800102a0 f   zip.obj
 0001:0000f8c0       Write_LocalFileHeader      00000001800108c0 f   zip.obj
 0001:00010500       zip64FlushWriteBuffer      0000000180011500 f   zip.obj
 0001:00010c80       Write_Zip64EndOfCentralDirectoryLocator 0000000180011c80 f   zip.obj
 0001:00010d10       Write_Zip64EndOfCentralDirectoryRecord 0000000180011d10 f   zip.obj
 0001:00010e60       Write_EndOfCentralDirectoryRecord 0000000180011e60 f   zip.obj
 0001:00010f90       Write_GlobalComment        0000000180011f90 f   zip.obj
 0001:00011224       ?dllmain_crt_dispatch@@YAHQEAUHINSTANCE__@@KQEAX@Z 0000000180012224 f   MSVCRT:dll_dllmain.obj
 0001:00011274       ?dllmain_crt_process_attach@@YAHQEAUHINSTANCE__@@QEAX@Z 0000000180012274 f   MSVCRT:dll_dllmain.obj
 0001:0001138c       ?dllmain_crt_process_detach@@YAH_N@Z 000000018001238c f   MSVCRT:dll_dllmain.obj
 0001:0001140c       ?dllmain_dispatch@@YAHQEAUHINSTANCE__@@KQEAX@Z 000000018001240c f   MSVCRT:dll_dllmain.obj
 0001:00011534       ?dllmain_raw@@YAHQEAUHINSTANCE__@@KQEAX@Z 0000000180012534 f   MSVCRT:dll_dllmain.obj
 0001:00011598       __get_entropy              0000000180012598 f   MSVCRT:gs_support.obj
 0001:00011728       ?find_pe_section@@YAPEAU_IMAGE_SECTION_HEADER@@QEAE_K@Z 0000000180012728 f   MSVCRT:utility.obj
 0001:0001177c       ?is_potentially_valid_image_base@@YA_NQEAX@Z 000000018001277c f   MSVCRT:utility.obj
 0001:00011ea8       __castguard_check_failure_os_handled_wrapper 0000000180012ea8 f   MSVCRT:guard_support.obj
 0001:00011ef8       __castguard_check_failure_user_handled_wrapper 0000000180012ef8 f   MSVCRT:guard_support.obj
 0001:00011f14       __castguard_compat_check   0000000180012f14 f   MSVCRT:guard_support.obj
 0001:00012050       __castguard_slow_path_compat_check 0000000180013050 f   MSVCRT:guard_support.obj
 0001:000124e0       $$000000                   00000001800134e0     MSVCRT:chkstk.obj
 0001:00012550       $$000000                   0000000180013550     MSVCRT:guard_dispatch.obj
 0001:00012570       $$000000                   0000000180013570     MSVCRT:guard_xfg_dispatch.obj
 0001:00012586       ?fin$0@?0??dllmain_crt_process_attach@@YAHQEAUHINSTANCE__@@QEAX@Z@4HA 0000000180013586 f   MSVCRT:dll_dllmain.obj
 0001:0001259d       ?fin$0@?0??dllmain_crt_process_detach@@YAH_N@Z@4HA 000000018001359d f   MSVCRT:dll_dllmain.obj
 0001:000125b6       ?fin$1@?0??dllmain_crt_process_detach@@YAH_N@Z@4HA 00000001800135b6 f   MSVCRT:dll_dllmain.obj
 0001:000125ca       ?filt$0@?0??dllmain_dispatch@@YAHQEAUHINSTANCE__@@KQEAX@Z@4HA 00000001800135ca f   MSVCRT:dll_dllmain.obj
 0001:00012600       __scrt_is_nonwritable_in_current_image$filt$0 0000000180013600 f   MSVCRT:utility.obj
 0002:00000300       crc_table                  0000000180014300     crc32.obj
 0002:00000700       crc_big_table              0000000180014700     crc32.obj
 0002:00000b00       crc_braid_table            0000000180014b00     crc32.obj
 0002:00001b00       crc_braid_big_table        0000000180015b00     crc32.obj
 0002:00002b00       x2n_table                  0000000180016b00     crc32.obj
 0002:00002b80       ?my_version@?1??deflateInit2_@@9@9 0000000180016b80     deflate.obj
 0002:00002b90       configuration_table        0000000180016b90     deflate.obj
 0002:00002c30       ?lenfix@?1??fixedtables@@9@9 0000000180016c30     infback.obj
 0002:00003430       ?distfix@?1??fixedtables@@9@9 0000000180017430     infback.obj
 0002:000034b0       ?order@?1??inflateBack@@9@9 00000001800174b0     infback.obj
 0002:000034e0       ?lenfix@?1??fixedtables@@9@9 00000001800174e0     inflate.obj
 0002:00003ce0       ?distfix@?1??fixedtables@@9@9 0000000180017ce0     inflate.obj
 0002:00003d60       ?order@?1??inflate@@9@9    0000000180017d60     inflate.obj
 0002:00003d90       ?dext@?1??inflate_table@@9@9 0000000180017d90     inftrees.obj
 0002:00003dd0       ?lext@?1??inflate_table@@9@9 0000000180017dd0     inftrees.obj
 0002:00003e10       ?lbase@?1??inflate_table@@9@9 0000000180017e10     inftrees.obj
 0002:00003e50       ?dbase@?1??inflate_table@@9@9 0000000180017e50     inftrees.obj
 0002:00004190       static_dtree               0000000180018190     trees.obj
 0002:00004210       extra_blbits               0000000180018210     trees.obj
 0002:00004260       extra_lbits                0000000180018260     trees.obj
 0002:000042e0       base_dist                  00000001800182e0     trees.obj
 0002:00004360       base_length                0000000180018360     trees.obj
 0002:000043d8       static_l_desc              00000001800183d8     trees.obj
 0002:000043f8       static_bl_desc             00000001800183f8     trees.obj
 0002:00004420       extra_dbits                0000000180018420     trees.obj
 0002:000044a0       static_ltree               00000001800184a0     trees.obj
 0002:00004920       static_d_desc              0000000180018920     trees.obj
 0002:00004940       bl_order                   0000000180018940     trees.obj
 0002:000054e0       $unwind$adler32_combine_   00000001800194e0     adler32.obj
 0002:000054e8       $unwind$compress2          00000001800194e8     compress.obj
 0002:00005500       $unwind$compress           0000000180019500     compress.obj
 0002:00005508       $unwind$x2nmodp            0000000180019508     crc32.obj
 0002:00005510       $chain$0$x2nmodp           0000000180019510     crc32.obj
 0002:00005524       $chain$1$x2nmodp           0000000180019524     crc32.obj
 0002:00005534       $unwind$crc32_z            0000000180019534     crc32.obj
 0002:00005540       $chain$3$crc32_z           0000000180019540     crc32.obj
 0002:00005560       $chain$5$crc32_z           0000000180019560     crc32.obj
 0002:00005578       $chain$6$crc32_z           0000000180019578     crc32.obj
 0002:00005588       $chain$7$crc32_z           0000000180019588     crc32.obj
 0002:00005598       $unwind$crc32_combine64    0000000180019598     crc32.obj
 0002:000055a4       $unwind$crc32_combine_op   00000001800195a4     crc32.obj
 0002:000055ac       $unwind$slide_hash         00000001800195ac     deflate.obj
 0002:000055b4       $unwind$read_buf           00000001800195b4     deflate.obj
 0002:000055c8       $unwind$fill_window        00000001800195c8     deflate.obj
 0002:000055e0       $unwind$deflateInit_       00000001800195e0     deflate.obj
 0002:000055e8       $unwind$deflateInit2_      00000001800195e8     deflate.obj
 0002:000055fc       $chain$0$deflateInit2_     00000001800195fc     deflate.obj
 0002:00005610       $chain$1$deflateInit2_     0000000180019610     deflate.obj
 0002:00005624       $chain$2$deflateInit2_     0000000180019624     deflate.obj
 0002:00005634       $chain$4$deflateInit2_     0000000180019634     deflate.obj
 0002:0000564c       $chain$5$deflateInit2_     000000018001964c     deflate.obj
 0002:00005660       $chain$6$deflateInit2_     0000000180019660     deflate.obj
 0002:00005670       $unwind$deflateSetDictionary 0000000180019670     deflate.obj
 0002:00005680       $chain$2$deflateSetDictionary 0000000180019680     deflate.obj
 0002:0000569c       $chain$3$deflateSetDictionary 000000018001969c     deflate.obj
 0002:000056ac       $unwind$deflateGetDictionary 00000001800196ac     deflate.obj
 0002:000056b8       $unwind$deflateResetKeep   00000001800196b8     deflate.obj
 0002:000056c4       $unwind$lm_init            00000001800196c4     deflate.obj
 0002:000056d0       $unwind$deflateReset       00000001800196d0     deflate.obj
 0002:000056dc       $unwind$deflateSetHeader   00000001800196dc     deflate.obj
 0002:000056e4       $unwind$deflatePending     00000001800196e4     deflate.obj
 0002:000056ec       $unwind$deflatePrime       00000001800196ec     deflate.obj
 0002:000056f8       $unwind$deflateParams      00000001800196f8     deflate.obj
 0002:00005710       $unwind$deflateTune        0000000180019710     deflate.obj
 0002:00005718       $unwind$deflateBound       0000000180019718     deflate.obj
 0002:00005720       $unwind$flush_pending      0000000180019720     deflate.obj
 0002:00005730       $chain$0$flush_pending     0000000180019730     deflate.obj
 0002:00005744       $chain$1$flush_pending     0000000180019744     deflate.obj
 0002:00005754       $unwind$deflate            0000000180019754     deflate.obj
 0002:00005760       $chain$4$deflate           0000000180019760     deflate.obj
 0002:00005784       $chain$6$deflate           0000000180019784     deflate.obj
 0002:000057a8       $chain$7$deflate           00000001800197a8     deflate.obj
 0002:000057bc       $chain$8$deflate           00000001800197bc     deflate.obj
 0002:000057cc       $unwind$deflateEnd         00000001800197cc     deflate.obj
 0002:000057e0       $chain$4$deflateEnd        00000001800197e0     deflate.obj
 0002:000057f8       $chain$5$deflateEnd        00000001800197f8     deflate.obj
 0002:0000580c       $unwind$deflateCopy        000000018001980c     deflate.obj
 0002:00005814       $chain$1$deflateCopy       0000000180019814     deflate.obj
 0002:0000582c       $chain$3$deflateCopy       000000018001982c     deflate.obj
 0002:00005844       $chain$4$deflateCopy       0000000180019844     deflate.obj
 0002:00005854       $unwind$longest_match      0000000180019854     deflate.obj
 0002:00005870       $unwind$deflate_stored     0000000180019870     deflate.obj
 0002:00005880       $chain$0$deflate_stored    0000000180019880     deflate.obj
 0002:00005894       $chain$3$deflate_stored    0000000180019894     deflate.obj
 0002:000058b0       $chain$4$deflate_stored    00000001800198b0     deflate.obj
 0002:000058c4       $chain$5$deflate_stored    00000001800198c4     deflate.obj
 0002:000058d8       $unwind$deflate_fast       00000001800198d8     deflate.obj
 0002:000058f4       $unwind$deflate_slow       00000001800198f4     deflate.obj
 0002:00005910       $unwind$deflate_rle        0000000180019910     deflate.obj
 0002:00005928       $unwind$deflate_huff       0000000180019928     deflate.obj
 0002:00005938       $unwind$vsnprintf          0000000180019938     gzlib.obj
 0002:0000594c       $unwind$snprintf           000000018001994c     gzlib.obj
 0002:0000595c       $unwind$gz_reset           000000018001995c     gzlib.obj
 0002:00005968       $unwind$gz_open            0000000180019968     gzlib.obj
 0002:00005980       $chain$0$gz_open           0000000180019980     gzlib.obj
 0002:00005994       $chain$1$gz_open           0000000180019994     gzlib.obj
 0002:000059a4       $chain$2$gz_open           00000001800199a4     gzlib.obj
 0002:000059b8       $chain$3$gz_open           00000001800199b8     gzlib.obj
 0002:000059c8       $unwind$gzdopen            00000001800199c8     gzlib.obj
 0002:000059d8       $unwind$gzrewind           00000001800199d8     gzlib.obj
 0002:000059e0       $unwind$gzseek64           00000001800199e0     gzlib.obj
 0002:000059f4       $unwind$gzseek             00000001800199f4     gzlib.obj
 0002:000059fc       $unwind$gztell             00000001800199fc     gzlib.obj
 0002:00005a04       $unwind$gzoffset64         0000000180019a04     gzlib.obj
 0002:00005a0c       $unwind$gzoffset           0000000180019a0c     gzlib.obj
 0002:00005a14       $unwind$gz_error           0000000180019a14     gzlib.obj
 0002:00005a28       $unwind$gz_load            0000000180019a28     gzread.obj
 0002:00005a40       $unwind$gz_avail           0000000180019a40     gzread.obj
 0002:00005a48       $unwind$gz_look            0000000180019a48     gzread.obj
 0002:00005a58       $unwind$gz_decomp          0000000180019a58     gzread.obj
 0002:00005a6c       $unwind$gz_fetch           0000000180019a6c     gzread.obj
 0002:00005a74       $unwind$gz_skip            0000000180019a74     gzread.obj
 0002:00005a80       $unwind$gz_read            0000000180019a80     gzread.obj
 0002:00005a9c       $unwind$gzread             0000000180019a9c     gzread.obj
 0002:00005aa4       $unwind$gzfread            0000000180019aa4     gzread.obj
 0002:00005aac       $unwind$gzgetc             0000000180019aac     gzread.obj
 0002:00005ab4       $unwind$gzungetc           0000000180019ab4     gzread.obj
 0002:00005ac0       $unwind$gzgets             0000000180019ac0     gzread.obj
 0002:00005adc       $unwind$gzdirect           0000000180019adc     gzread.obj
 0002:00005ae4       $unwind$gzclose_r          0000000180019ae4     gzread.obj
 0002:00005aec       $chain$1$gzclose_r         0000000180019aec     gzread.obj
 0002:00005b04       $chain$2$gzclose_r         0000000180019b04     gzread.obj
 0002:00005b14       $unwind$gz_init            0000000180019b14     gzwrite.obj
 0002:00005b28       $unwind$gz_comp            0000000180019b28     gzwrite.obj
 0002:00005b3c       $chain$2$gz_comp           0000000180019b3c     gzwrite.obj
 0002:00005b50       $chain$3$gz_comp           0000000180019b50     gzwrite.obj
[...]
 0002:000068c8       $unwind$zipOpenNewFileInZip64 000000018001a8c8     zip.obj
 0002:000068d0       $unwind$zipOpenNewFileInZip 000000018001a8d0     zip.obj
 0002:000068d8       $unwind$zip64FlushWriteBuffer 000000018001a8d8     zip.obj
 0002:000068e0       $chain$0$zip64FlushWriteBuffer 000000018001a8e0     zip.obj
 0002:000068f4       $chain$3$zip64FlushWriteBuffer 000000018001a8f4     zip.obj
 0002:00006910       $chain$4$zip64FlushWriteBuffer 000000018001a910     zip.obj
 0002:00006920       $chain$5$zip64FlushWriteBuffer 000000018001a920     zip.obj
 0002:00006930       $unwind$zipWriteInFileInZip 000000018001a930     zip.obj
 0002:00006944       $chain$0$zipWriteInFileInZip 000000018001a944     zip.obj
 0002:00006958       $chain$2$zipWriteInFileInZip 000000018001a958     zip.obj
 0002:0000696c       $chain$3$zipWriteInFileInZip 000000018001a96c     zip.obj
 0002:0000697c       $unwind$zipCloseFileInZipRaw64 000000018001a97c     zip.obj
 0002:0000698c       $chain$3$zipCloseFileInZipRaw64 000000018001a98c     zip.obj
 0002:000069ac       $chain$5$zipCloseFileInZipRaw64 000000018001a9ac     zip.obj
 0002:000069cc       $chain$6$zipCloseFileInZipRaw64 000000018001a9cc     zip.obj
 0002:000069dc       $unwind$Write_Zip64EndOfCentralDirectoryLocator 000000018001a9dc     zip.obj
 0002:000069e8       $unwind$Write_Zip64EndOfCentralDirectoryRecord 000000018001a9e8     zip.obj
 0002:000069f8       $unwind$Write_EndOfCentralDirectoryRecord 000000018001a9f8     zip.obj
 0002:00006a04       $chain$0$Write_EndOfCentralDirectoryRecord 000000018001aa04     zip.obj
 0002:00006a18       $chain$2$Write_EndOfCentralDirectoryRecord 000000018001aa18     zip.obj
 0002:00006a30       $chain$3$Write_EndOfCentralDirectoryRecord 000000018001aa30     zip.obj
 0002:00006a40       $chain$4$Write_EndOfCentralDirectoryRecord 000000018001aa40     zip.obj
 0002:00006a50       $unwind$Write_GlobalComment 000000018001aa50     zip.obj
 0002:00006a68       $unwind$zipClose           000000018001aa68     zip.obj
 0002:00006a7c       $chain$1$zipClose          000000018001aa7c     zip.obj
 0002:00006a90       $chain$2$zipClose          000000018001aa90     zip.obj
 0002:00006aa4       $chain$3$zipClose          000000018001aaa4     zip.obj
 0002:00006ab4       $chain$4$zipClose          000000018001aab4     zip.obj
 0002:00006ac4       $unwind$?dllmain_crt_process_attach@@YAHQEAUHINSTANCE__@@QEAX@Z 000000018001aac4     MSVCRT:dll_dllmain.obj
 0002:00006b00       $unwind$?fin$0@?0??dllmain_crt_process_attach@@YAHQEAUHINSTANCE__@@QEAX@Z@4HA 000000018001ab00     MSVCRT:dll_dllmain.obj
 0002:00006b08       $unwind$?dllmain_crt_process_detach@@YAH_N@Z 000000018001ab08     MSVCRT:dll_dllmain.obj
 0002:00006b5c       $unwind$?fin$0@?0??dllmain_crt_process_detach@@YAH_N@Z@4HA 000000018001ab5c     MSVCRT:dll_dllmain.obj
 0002:00006b64       $unwind$?fin$1@?0??dllmain_crt_process_detach@@YAH_N@Z@4HA 000000018001ab64     MSVCRT:dll_dllmain.obj
 0002:00006b6c       $unwind$?dllmain_crt_dispatch@@YAHQEAUHINSTANCE__@@KQEAX@Z 000000018001ab6c     MSVCRT:dll_dllmain.obj
 0002:00006b74       $unwind$?dllmain_dispatch@@YAHQEAUHINSTANCE__@@KQEAX@Z 000000018001ab74     MSVCRT:dll_dllmain.obj
 0002:00006b9c       $unwind$?filt$0@?0??dllmain_dispatch@@YAHQEAUHINSTANCE__@@KQEAX@Z@4HA 000000018001ab9c     MSVCRT:dll_dllmain.obj
 0002:00006ba4       $unwind$_DllMainCRTStartup 000000018001aba4     MSVCRT:dll_dllmain.obj
 0002:00006bb4       $unwind$__security_init_cookie 000000018001abb4     MSVCRT:gs_support.obj
 0002:00006bc0       $unwind$__get_entropy      000000018001abc0     MSVCRT:gs_support.obj
 0002:00006bc8       $unwind$DllMain            000000018001abc8     MSVCRT:dll_dllmain_stub.obj
 0002:00006bd0       $unwind$__scrt_initialize_default_local_stdio_options 000000018001abd0     MSVCRT:default_local_stdio_options.obj
 0002:00006bd8       $unwind$atexit             000000018001abd8     MSVCRT:utility.obj
 0002:00006be0       $unwind$_onexit            000000018001abe0     MSVCRT:utility.obj
 0002:00006be8       $unwind$__scrt_is_nonwritable_in_current_image 000000018001abe8     MSVCRT:utility.obj
 0002:00006c08       $unwind$__scrt_is_nonwritable_in_current_image$filt$0 000000018001ac08     MSVCRT:utility.obj
 0002:00006c10       $unwind$__scrt_acquire_startup_lock 000000018001ac10     MSVCRT:utility.obj
 0002:00006c18       $unwind$__scrt_release_startup_lock 000000018001ac18     MSVCRT:utility.obj
 0002:00006c20       $unwind$__scrt_initialize_crt 000000018001ac20     MSVCRT:utility.obj
 0002:00006c28       $unwind$__scrt_uninitialize_crt 000000018001ac28     MSVCRT:utility.obj
 0002:00006c30       $unwind$__scrt_initialize_onexit_tables 000000018001ac30     MSVCRT:utility.obj
 0002:00006c38       $unwind$__scrt_dllmain_exception_filter 000000018001ac38     MSVCRT:utility.obj
 0002:00006c4c       $unwind$__scrt_dllmain_before_initialize_c 000000018001ac4c     MSVCRT:utility.obj
 0002:00006c54       $unwind$__scrt_dllmain_after_initialize_c 000000018001ac54     MSVCRT:utility.obj
 0002:00006c5c       $unwind$__scrt_dllmain_uninitialize_c 000000018001ac5c     MSVCRT:utility.obj
 0002:00006c64       $unwind$__scrt_dllmain_uninitialize_critical 000000018001ac64     MSVCRT:utility.obj
 0002:00006c6c       $unwind$__scrt_dllmain_crt_thread_attach 000000018001ac6c     MSVCRT:utility.obj
 0002:00006c74       $unwind$__scrt_dllmain_crt_thread_detach 000000018001ac74     MSVCRT:utility.obj
 0002:00006c7c       $unwind$?configure_argv@__scrt_narrow_argv_policy@@SAHXZ 000000018001ac7c     MSVCRT:utility.obj
 0002:00006c84       $unwind$__scrt_get_show_window_mode 000000018001ac84     MSVCRT:utility_desktop.obj
 0002:00006c8c       $unwind$__scrt_is_managed_app 000000018001ac8c     MSVCRT:utility_desktop.obj
 0002:00006c94       $unwind$__scrt_fastfail    000000018001ac94     MSVCRT:utility_desktop.obj
 0002:00006ca4       $unwind$__scrt_unhandled_exception_filter 000000018001aca4     MSVCRT:utility_desktop.obj
 0002:00006cb0       $unwind$_RTC_Initialize    000000018001acb0     MSVCRT:initsect.obj
 0002:00006cbc       $unwind$_RTC_Terminate     000000018001acbc     MSVCRT:initsect.obj
 0002:00006cc8       $unwind$__castguard_check_failure_os_handled_wrapper 000000018001acc8     MSVCRT:guard_support.obj
 0002:00006cd0       $unwind$__castguard_check_failure_user_handled_wrapper 000000018001acd0     MSVCRT:guard_support.obj
 0002:00006cd8       $unwind$__castguard_check_failure_os_handled 000000018001acd8     MSVCRT:guard_support.obj
 0002:00006ce0       $unwind$__castguard_check_failure_user_handled 000000018001ace0     MSVCRT:guard_support.obj
 0002:00006ce8       $unwind$__castguard_slow_path_check_os_handled 000000018001ace8     MSVCRT:guard_support.obj
 0002:00006cf0       $unwind$__castguard_slow_path_check_user_handled 000000018001acf0     MSVCRT:guard_support.obj
 0002:00006cf8       $unwind$__isa_available_init 000000018001acf8     MSVCRT:cpu_disp.obj
 0002:00006d10       $xdatasym                  000000018001ad10     MSVCRT:guard_dispatch.obj
 0002:00006d18       $xdatasym                  000000018001ad18     MSVCRT:guard_xfg_dispatch.obj
 0002:00006d20       $xdatasym                  000000018001ad20     MSVCRT:chkstk.obj
 0002:00006d30       .edata                     000000018001ad30     zlibwapi.exp
 0002:00006d58       rgpv                       000000018001ad58     zlibwapi.exp
 0002:00007020       rgszName                   000000018001b020     zlibwapi.exp
 0002:00007230       rgwOrd                     000000018001b230     zlibwapi.exp
 0002:00007338       szName                     000000018001b338     zlibwapi.exp
 0002:00007345       $N00001                    000000018001b345     zlibwapi.exp
 0002:0000734d       $N00140                    000000018001b34d     zlibwapi.exp
 0002:0000735d       $N00174                    000000018001b35d     zlibwapi.exp
 0002:00007367       $N00002                    000000018001b367     zlibwapi.exp
 0002:00007370       $N00039                    000000018001b370     zlibwapi.exp
 0002:0000737a       $N00046                    000000018001b37a     zlibwapi.exp
 0002:00007388       $N00003                    000000018001b388     zlibwapi.exp
 0002:0000738e       $N00142                    000000018001b38e     zlibwapi.exp
 0002:0000739c       $N00176                    000000018001b39c     zlibwapi.exp
 0002:000073ae       $N00177                    000000018001b3ae     zlibwapi.exp
 0002:000073c2       $N00178                    000000018001b3c2     zlibwapi.exp
 0002:000073d3       $N00175                    000000018001b3d3     zlibwapi.exp
 0002:000073db       $N00004                    000000018001b3db     zlibwapi.exp
 0002:000073e3       $N00047                    000000018001b3e3     zlibwapi.exp
 0002:000073f0       $N00005                    000000018001b3f0     zlibwapi.exp
 0002:000073fc       $N00006                    000000018001b3fc     zlibwapi.exp
 0002:00007407       $N00173                    000000018001b407     zlibwapi.exp
 0002:0000741c       $N00007                    000000018001b41c     zlibwapi.exp
 0002:0000742a       $N00008                    000000018001b42a     zlibwapi.exp
 0002:00007437       $N00009                    000000018001b437     zlibwapi.exp
 0002:00007445       $N00052                    000000018001b445     zlibwapi.exp
 0002:00007454       $N00051                    000000018001b454     zlibwapi.exp
 0002:00007461       $N00010                    000000018001b461     zlibwapi.exp
 0002:0000746e       $N00164                    000000018001b46e     zlibwapi.exp
 0002:0000747f       $N00011                    000000018001b47f     zlibwapi.exp
 0002:00007494       $N00144                    000000018001b494     zlibwapi.exp
 0002:000074a5       $N00145                    000000018001b4a5     zlibwapi.exp
 0002:000074b1       $N00110                    000000018001b4b1     zlibwapi.exp
 0002:000074c5       $N00111                    000000018001b4c5     zlibwapi.exp
 0002:000074db       $N00112                    000000018001b4db     zlibwapi.exp
 0002:000074f2       $N00113                    000000018001b4f2     zlibwapi.exp
 0002:00007509       $N00038                    000000018001b509     zlibwapi.exp
 0002:00007517       $N00146                    000000018001b517     zlibwapi.exp
 0002:00007520       $N00048                    000000018001b520     zlibwapi.exp
 0002:0000752b       $N00012                    000000018001b52b     zlibwapi.exp
 0002:00007533       $N00147                    000000018001b533     zlibwapi.exp
 0002:0000753d       $N00148                    000000018001b53d     zlibwapi.exp
 0002:00007547       $N00149                    000000018001b547     zlibwapi.exp
 0002:00007550       $N00013                    000000018001b550     zlibwapi.exp
 0002:00007558       $N00034                    000000018001b558     zlibwapi.exp
 0002:0000755e       $N00014                    000000018001b55e     zlibwapi.exp
 0002:00007566       $N00015                    000000018001b566     zlibwapi.exp
 0002:0000756e       $N00171                    000000018001b56e     zlibwapi.exp
 0002:00007576       $N00172                    000000018001b576     zlibwapi.exp
 0002:0000757f       $N00030                    000000018001b57f     zlibwapi.exp
 0002:00007586       $N00161                    000000018001b586     zlibwapi.exp
 0002:0000758e       $N00041                    000000018001b58e     zlibwapi.exp
 0002:00007595       $N00150                    000000018001b595     zlibwapi.exp
 0002:0000759e       $N00016                    000000018001b59e     zlibwapi.exp
 0002:000075a5       $N00165                    000000018001b5a5     zlibwapi.exp
 0002:000075ae       $N00028                    000000018001b5ae     zlibwapi.exp
 0002:000075b7       $N00029                    000000018001b5b7     zlibwapi.exp
 0002:000075be       $N00040                    000000018001b5be     zlibwapi.exp
 0002:000075c5       $N00017                    000000018001b5c5     zlibwapi.exp
 0002:000075cc       $N00032                    000000018001b5cc     zlibwapi.exp
 0002:000075d5       $N00031                    000000018001b5d5     zlibwapi.exp
 0002:000075dc       $N00035                    000000018001b5dc     zlibwapi.exp
 0002:000075e8       $N00033                    000000018001b5e8     zlibwapi.exp
 0002:000075ef       $N00049                    000000018001b5ef     zlibwapi.exp
 0002:000075f8       $N00167                    000000018001b5f8     zlibwapi.exp
 0002:00007602       $N00018                    000000018001b602     zlibwapi.exp
 0002:0000760a       $N00019                    000000018001b60a     zlibwapi.exp
 0002:00007612       $N00044                    000000018001b612     zlibwapi.exp
 0002:0000761e       $N00045                    000000018001b61e     zlibwapi.exp
 0002:0000762d       $N00043                    000000018001b62d     zlibwapi.exp
 0002:0000763e       $N00168                    000000018001b63e     zlibwapi.exp
 0002:0000764f       $N00042                    000000018001b64f     zlibwapi.exp
 0002:0000765b       $N00020                    000000018001b65b     zlibwapi.exp
 0002:00007666       $N00166                    000000018001b666     zlibwapi.exp
 0002:0000767b       $N00156                    000000018001b67b     zlibwapi.exp
 0002:0000768c       $N00021                    000000018001b68c     zlibwapi.exp
 0002:0000769a       $N00022                    000000018001b69a     zlibwapi.exp
 0002:000076a7       $N00157                    000000018001b6a7     zlibwapi.exp
 0002:000076b3       $N00158                    000000018001b6b3     zlibwapi.exp
 0002:000076c0       $N00023                    000000018001b6c0     zlibwapi.exp
 0002:000076cd       $N00159                    000000018001b6cd     zlibwapi.exp
 0002:000076db       $N00163                    000000018001b6db     zlibwapi.exp
 0002:000076ec       $N00024                    000000018001b6ec     zlibwapi.exp
 0002:00007701       $N00025                    000000018001b701     zlibwapi.exp
 0002:0000770d       $N00037                    000000018001b70d     zlibwapi.exp
 0002:0000771e       $N00160                    000000018001b71e     zlibwapi.exp
 0002:0000772f       $N00169                    000000018001b72f     zlibwapi.exp
 0002:0000773f       $N00026                    000000018001b73f     zlibwapi.exp
 0002:0000774a       $N00170                    000000018001b74a     zlibwapi.exp
 0002:00007756       $N00062                    000000018001b756     zlibwapi.exp
 0002:0000775f       $N00072                    000000018001b75f     zlibwapi.exp
 0002:00007773       $N00064                    000000018001b773     zlibwapi.exp
 0002:00007789       $N00124                    000000018001b789     zlibwapi.exp
 0002:000077a1       $N00125                    000000018001b7a1     zlibwapi.exp
 0002:000077bf       $N00100                    000000018001b7bf     zlibwapi.exp
 0002:000077cd       $N00127                    000000018001b7cd     zlibwapi.exp
 0002:000077dd       $N00073                    000000018001b7dd     zlibwapi.exp
 0002:000077f1       $N00063                    000000018001b7f1     zlibwapi.exp
 0002:00007802       $N00122                    000000018001b802     zlibwapi.exp
 0002:00007815       $N00076                    000000018001b815     zlibwapi.exp
 0002:0000782b       $N00101                    000000018001b82b     zlibwapi.exp
 0002:0000783a       $N00128                    000000018001b83a     zlibwapi.exp
 0002:0000784b       $N00065                    000000018001b84b     zlibwapi.exp
 0002:0000785c       $N00066                    000000018001b85c     zlibwapi.exp
 0002:0000786c       $N00075                    000000018001b86c     zlibwapi.exp
 0002:0000787a       $N00061                    000000018001b87a     zlibwapi.exp
 0002:00007882       $N00077                    000000018001b882     zlibwapi.exp
 0002:0000788b       $N00121                    000000018001b88b     zlibwapi.exp
 0002:00007897       $N00120                    000000018001b897     zlibwapi.exp
 0002:000078a1       $N00067                    000000018001b8a1     zlibwapi.exp
 0002:000078b4       $N00078                    000000018001b8b4     zlibwapi.exp
 0002:000078c8       $N00069                    000000018001b8c8     zlibwapi.exp
 0002:000078dc       $N00079                    000000018001b8dc     zlibwapi.exp
 0002:000078f7       $N00068                    000000018001b8f7     zlibwapi.exp
 0002:0000790a       $N00074                    000000018001b90a     zlibwapi.exp
 0002:00007923       $N00071                    000000018001b923     zlibwapi.exp
 0002:0000792a       $N00070                    000000018001b92a     zlibwapi.exp
 0002:00007932       $N00126                    000000018001b932     zlibwapi.exp
 0002:0000793c       $N00036                    000000018001b93c     zlibwapi.exp
 0002:00007943       $N00084                    000000018001b943     zlibwapi.exp
 0002:0000794c       $N00083                    000000018001b94c     zlibwapi.exp
 0002:0000795e       $N00087                    000000018001b95e     zlibwapi.exp
 0002:00007973       $N00136                    000000018001b973     zlibwapi.exp
 0002:0000798a       $N00080                    000000018001b98a     zlibwapi.exp
 0002:00007992       $N00088                    000000018001b992     zlibwapi.exp
 0002:0000799b       $N00131                    000000018001b99b     zlibwapi.exp
 0002:000079a7       $N00130                    000000018001b9a7     zlibwapi.exp
 0002:000079b1       $N00081                    000000018001b9b1     zlibwapi.exp
 0002:000079c5       $N00086                    000000018001b9c5     zlibwapi.exp
 0002:000079da       $N00133                    000000018001b9da     zlibwapi.exp
 0002:000079f2       $N00089                    000000018001b9f2     zlibwapi.exp
 0002:00007a07       $N00134                    000000018001ba07     zlibwapi.exp
 0002:00007a1f       $N00135                    000000018001ba1f     zlibwapi.exp
 0002:00007a37       $N00132                    000000018001ba37     zlibwapi.exp
 0002:00007a4d       $N00082                    000000018001ba4d     zlibwapi.exp
 0002:00007a61       $N00050                    000000018001ba61     zlibwapi.exp
 0002:00007a72       $N00027                    000000018001ba72     zlibwapi.exp
 0002:00007dec       .idata$6                   000000018001bdec     kernel32:KERNEL32.dll
 0002:00007e70       .idata$6                   000000018001be70     vcruntime:VCRUNTIME140.dll
 0002:0000806c       .idata$6                   000000018001c06c     ucrt:api-ms-win-crt-stdio-l1-1-0.dll
 0002:0000808c       .idata$6                   000000018001c08c     ucrt:api-ms-win-crt-convert-l1-1-0.dll
 0002:000080ae       .idata$6                   000000018001c0ae     ucrt:api-ms-win-crt-heap-l1-1-0.dll
 0002:000080ce       .idata$6                   000000018001c0ce     ucrt:api-ms-win-crt-runtime-l1-1-0.dll
 0002:000080f0       .idata$6                   000000018001c0f0     ucrt:api-ms-win-crt-utility-l1-1-0.dll
 0002:00008112       .idata$6                   000000018001c112     ucrt:api-ms-win-crt-time-l1-1-0.dll
 0003:000000c0       ?__proc_attached@@3HA      000000018001d0c0     MSVCRT:dll_dllmain.obj
 0003:00000100       ?is_initialized_as_dll@@3_NA 000000018001d100     MSVCRT:utility.obj
 0003:00000101       ?module_local_atexit_table_initialized@@3_NA 000000018001d101     MSVCRT:utility.obj
 0003:00000108       ?module_local_atexit_table@@3U_onexit_table_t@@A 000000018001d108     MSVCRT:utility.obj
 0003:00000120       ?module_local_at_quick_exit_table@@3U_onexit_table_t@@A 000000018001d120     MSVCRT:utility.obj
 0003:00000150       ?calls@?1??crypthead@@9@9  000000018001d150     zip.obj
 0005:00000060       $R000000                   0000000180020060     zlib.res
